user@jeshu1108:~$ whoami
user
user@jeshu1108:~$ id  (( it prints user identity ))
uid=1000(user) gid=1000(user) groups=1000(user),4(adm),24(cdrom),27(sudo),30(dip),46(plugdev),120(lpadmin),132(lxd),133(sambashare)
user@jeshu1108:~$ groups  (( show which groups user belongs to ))
user adm cdrom sudo dip plugdev lpadmin lxd sambashare
user@jeshu1108:~$ passwd  (( it change the user password ))
Changing password for user.
Current password: 
passwd: Authentication token manipulation error
passwd: password unchanged
user@jeshu1108:~$ who  (( find out who is logged into the system last ))
user     :0           2024-03-31 13:50 (:0)
user@jeshu1108:~$ last
user     :0           :0               Sun Mar 31 13:50   still logged in
reboot   system boot  5.15.0-87-generi Sun Mar 31 13:49   still running
user     :0           :0               Sat Mar 30 15:28 - down   (01:08)
reboot   system boot  5.15.0-87-generi Sat Mar 30 15:27 - 16:37  (01:09)
user     :0           :0               Sat Mar 30 12:28 - down   (01:19)
reboot   system boot  5.15.0-87-generi Sat Mar 30 12:27 - 13:48  (01:20)
user     :0           :0               Fri Mar 29 12:38 - down   (00:27)
reboot   system boot  5.15.0-87-generi Fri Mar 29 12:38 - 13:05  (00:27)
user     :0           :0               Thu Mar 28 14:16 - down   (02:21)
reboot   system boot  5.15.0-87-generi Thu Mar 28 14:12 - 16:37  (02:25)
user     :0           :0               Wed Mar 27 14:10 - down   (00:08)
reboot   system boot  5.15.0-87-generi Wed Mar 27 14:09 - 14:19  (00:09)
user     :0           :0               Wed Mar 27 08:34 - down   (00:16)
reboot   system boot  5.15.0-87-generi Wed Mar 27 08:34 - 08:51  (00:17)
user     :0           :0               Tue Mar 26 18:38 - down   (00:00)
reboot   system boot  5.15.0-87-generi Tue Mar 26 18:38 - 18:38  (00:00)
user     :0           :0               Tue Mar 26 15:06 - down   (01:40)
reboot   system boot  5.15.0-87-generi Tue Mar 26 15:06 - 16:47  (01:41)
user     :0           :0               Tue Mar 26 15:02 - down   (00:03)
reboot   system boot  5.15.0-87-generi Tue Mar 26 15:02 - 15:06  (00:03)
user     :0           :0               Tue Mar 26 15:01 - down   (00:00)
reboot   system boot  5.15.0-87-generi Tue Mar 26 15:01 - 15:02  (00:00)
user     :0           :0               Tue Mar 26 14:02 - down   (00:58)
reboot   system boot  5.15.0-87-generi Tue Mar 26 14:01 - 15:00  (00:59)
user     :0           :0               Mon Mar 25 23:49 - down   (00:16)
reboot   system boot  5.15.0-87-generi Mon Mar 25 23:49 - 00:05  (00:16)
user     :0           :0               Mon Mar 25 18:10 - down   (00:14)
reboot   system boot  5.15.0-87-generi Mon Mar 25 18:10 - 18:24  (00:14)
user     :0           :0               Mon Mar 25 17:30 - down   (00:07)
reboot   system boot  5.15.0-87-generi Mon Mar 25 17:30 - 17:37  (00:07)
user     :0           :0               Mon Mar 25 15:08 - down   (00:01)
reboot   system boot  5.15.0-87-generi Mon Mar 25 15:07 - 15:10  (00:02)
user     :0           :0               Mon Mar 25 11:54 - down   (01:30)
reboot   system boot  5.15.0-87-generi Mon Mar 25 11:54 - 13:25  (01:31)
user     :0           :0               Mon Mar 25 10:13 - down   (00:19)
reboot   system boot  5.15.0-87-generi Mon Mar 25 10:13 - 10:33  (00:19)
user     :0           :0               Mon Mar 25 08:58 - down   (00:14)
reboot   system boot  5.15.0-87-generi Mon Mar 25 08:58 - 09:12  (00:14)
user     :0           :0               Sun Mar 24 22:16 - down   (02:45)
reboot   system boot  5.15.0-87-generi Sun Mar 24 22:15 - 01:01  (02:46)
user     :0           :0               Sun Mar 24 21:22 - down   (00:15)
reboot   system boot  5.15.0-87-generi Sun Mar 24 21:20 - 21:38  (00:17)
user     :0           :0               Sun Mar 24 21:01 - down   (00:18)
reboot   system boot  5.15.0-87-generi Sun Mar 24 21:01 - 21:20  (00:18)
user     :0           :0               Sun Mar 24 18:49 - down   (00:17)
reboot   system boot  5.15.0-87-generi Sun Mar 24 18:49 - 19:07  (00:18)
user     :0           :0               Sun Mar 24 17:09 - down   (00:34)
reboot   system boot  5.15.0-87-generi Sun Mar 24 17:09 - 17:44  (00:34)
user     :0           :0               Sun Mar 24 14:10 - down   (02:57)
reboot   system boot  5.15.0-87-generi Sun Mar 24 14:10 - 17:08  (02:57)
user     :0           :0               Sun Mar 24 12:52 - down   (00:00)
reboot   system boot  5.15.0-87-generi Sun Mar 24 12:52 - 12:52  (00:00)
user     :0           :0               Sun Mar 24 06:13 - down   (06:38)
reboot   system boot  5.15.0-87-generi Sun Mar 24 06:13 - 12:51  (06:38)
user     :0           :0               Sun Mar 24 00:45 - down   (00:52)
reboot   system boot  5.15.0-87-generi Sun Mar 24 00:44 - 01:37  (00:52)
user     :0           :0               Sun Mar 24 00:15 - down   (00:15)
reboot   system boot  5.15.0-87-generi Sun Mar 24 00:15 - 00:31  (00:15)
user     :0           :0               Fri Mar 22 14:08 - down   (03:20)
reboot   system boot  5.15.0-87-generi Fri Mar 22 14:08 - 17:29  (03:21)
user     :0           :0               Thu Mar 21 21:49 - down   (00:29)
reboot   system boot  5.15.0-87-generi Thu Mar 21 21:48 - 22:18  (00:29)
user     :0           :0               Thu Mar 21 14:15 - down   (02:29)
reboot   system boot  5.15.0-87-generi Thu Mar 21 14:14 - 16:45  (02:31)
user     :0           :0               Tue Mar 19 22:56 - down   (02:10)
reboot   system boot  5.15.0-87-generi Tue Mar 19 22:56 - 01:06  (02:10)
user     :0           :0               Tue Mar 19 20:13 - down   (02:09)
reboot   system boot  5.15.0-87-generi Tue Mar 19 20:13 - 22:23  (02:10)
user     :0           :0               Tue Mar 19 14:30 - down   (02:05)
reboot   system boot  5.15.0-87-generi Tue Mar 19 14:29 - 16:35  (02:05)
user     :0           :0               Tue Mar 19 10:07 - down   (01:54)
reboot   system boot  5.15.0-87-generi Tue Mar 19 10:07 - 12:02  (01:55)
user     :0           :0               Tue Mar 19 08:36 - down   (00:38)
reboot   system boot  5.15.0-87-generi Tue Mar 19 08:36 - 09:15  (00:39)
reboot   system boot  5.15.0-87-generi Sun Mar 17 21:59 - 22:00  (00:00)
user     :0           :0               Sun Mar 17 21:26 - down   (00:15)
reboot   system boot  5.15.0-87-generi Sun Mar 17 21:26 - 21:42  (00:15)
user     :0           :0               Sun Mar 17 15:30 - down   (05:22)
reboot   system boot  5.15.0-87-generi Sun Mar 17 15:30 - 20:53  (05:22)
user     :0           :0               Sun Mar 17 15:11 - down   (00:01)
reboot   system boot  5.15.0-87-generi Sun Mar 17 15:11 - 15:12  (00:01)
user     :0           :0               Sun Mar 17 15:09 - down   (00:00)
reboot   system boot  5.15.0-87-generi Sun Mar 17 15:07 - 15:10  (00:02)
user     :0           :0               Sat Mar 16 23:11 - down   (00:05)
reboot   system boot  5.15.0-87-generi Sat Mar 16 23:11 - 23:16  (00:05)
user     :0           :0               Sat Mar 16 18:03 - down   (01:35)
reboot   system boot  5.15.0-87-generi Sat Mar 16 18:03 - 19:38  (01:35)
user     :0           :0               Sat Mar 16 12:16 - down   (00:51)
reboot   system boot  5.15.0-87-generi Sat Mar 16 12:16 - 13:08  (00:51)
user     :0           :0               Sat Mar 16 11:54 - down   (00:14)
reboot   system boot  5.15.0-87-generi Sat Mar 16 11:54 - 12:08  (00:14)
user     :0           :0               Sat Mar 16 10:13 - down   (00:54)
reboot   system boot  5.15.0-87-generi Sat Mar 16 10:12 - 11:07  (00:54)
user     :0           :0               Fri Mar 15 23:02 - down   (08:40)
reboot   system boot  5.15.0-87-generi Fri Mar 15 23:02 - 07:43  (08:40)
user     :0           :0               Fri Mar 15 19:00 - down   (01:04)
reboot   system boot  5.15.0-87-generi Fri Mar 15 18:58 - 20:05  (01:06)
user     :0           :0               Fri Mar 15 18:22 - down   (00:19)
reboot   system boot  5.15.0-87-generi Fri Mar 15 18:22 - 18:41  (00:19)
user     :0           :0               Fri Mar 15 08:36 - down   (04:36)
reboot   system boot  5.15.0-87-generi Fri Mar 15 08:36 - 13:13  (04:36)
user     :0           :0               Thu Mar 14 23:18 - down   (00:41)
reboot   system boot  5.15.0-87-generi Thu Mar 14 23:08 - 00:00  (00:52)
user     :0           :0               Thu Mar 14 13:33 - down   (06:27)
reboot   system boot  5.15.0-87-generi Thu Mar 14 13:32 - 20:01  (06:28)
user     :0           :0               Thu Mar 14 11:40 - down   (00:45)
reboot   system boot  5.15.0-87-generi Thu Mar 14 11:40 - 12:26  (00:46)
user     :0           :0               Thu Mar 14 08:44 - down   (01:13)
reboot   system boot  5.15.0-87-generi Thu Mar 14 08:44 - 09:58  (01:13)
user     :0           :0               Wed Mar 13 20:14 - down   (01:51)
reboot   system boot  5.15.0-87-generi Wed Mar 13 20:14 - 22:05  (01:51)
user     :0           :0               Wed Mar 13 18:42 - down   (00:15)
reboot   system boot  5.15.0-87-generi Wed Mar 13 18:42 - 18:57  (00:15)
user     :0           :0               Wed Mar 13 09:10 - down   (00:09)
reboot   system boot  5.15.0-87-generi Wed Mar 13 09:10 - 09:20  (00:09)
user     :0           :0               Tue Mar 12 20:46 - down   (01:27)
reboot   system boot  5.15.0-87-generi Tue Mar 12 20:46 - 22:14  (01:28)
user     :0           :0               Tue Mar 12 18:24 - down   (01:37)
reboot   system boot  5.15.0-87-generi Tue Mar 12 18:24 - 20:02  (01:37)
user     :0           :0               Tue Mar 12 10:00 - down   (02:04)
reboot   system boot  5.15.0-87-generi Tue Mar 12 10:00 - 12:05  (02:05)
user     :0           :0               Tue Mar 12 07:38 - down   (00:25)
reboot   system boot  5.15.0-87-generi Tue Mar 12 07:27 - 08:04  (00:36)
user     :0           :0               Mon Mar 11 15:34 - down   (01:35)
reboot   system boot  5.15.0-87-generi Mon Mar 11 15:33 - 17:09  (01:35)
user     :0           :0               Sun Mar 10 20:12 - down   (02:37)
reboot   system boot  5.15.0-87-generi Sun Mar 10 20:12 - 22:49  (02:37)
user     :0           :0               Sat Mar  9 21:09 - down   (00:33)
reboot   system boot  5.15.0-87-generi Sat Mar  9 21:09 - 21:42  (00:33)
user     :0           :0               Fri Mar  8 20:44 - down   (03:00)
reboot   system boot  5.15.0-87-generi Fri Mar  8 20:43 - 23:44  (03:00)
user     :0           :0               Fri Mar  8 13:54 - down   (03:26)
reboot   system boot  5.15.0-87-generi Fri Mar  8 13:54 - 17:20  (03:26)
user     :0           :0               Thu Mar  7 05:55 - 06:30  (00:34)
reboot   system boot  5.15.0-87-generi Thu Mar  7 05:55 - 06:31  (00:35)
user     :0           :0               Wed Mar  6 19:27 - down   (04:16)
reboot   system boot  5.15.0-87-generi Wed Mar  6 19:27 - 23:44  (04:17)
user     :0           :0               Wed Mar  6 18:35 - down   (00:03)
reboot   system boot  5.15.0-87-generi Wed Mar  6 18:35 - 18:39  (00:03)
user     :0           :0               Wed Mar  6 09:08 - down   (04:35)
reboot   system boot  5.15.0-87-generi Wed Mar  6 09:08 - 13:44  (04:35)
user     :0           :0               Tue Mar  5 21:15 - down   (06:01)
reboot   system boot  5.15.0-87-generi Tue Mar  5 21:15 - 03:16  (06:01)
user     :0           :0               Tue Mar  5 20:58 - down   (00:01)
reboot   system boot  5.15.0-87-generi Tue Mar  5 20:58 - 20:59  (00:01)
user     :0           :0               Tue Mar  5 18:18 - down   (01:46)
reboot   system boot  5.15.0-87-generi Tue Mar  5 18:18 - 20:05  (01:47)
user     :0           :0               Tue Mar  5 15:07 - down   (01:47)
reboot   system boot  5.15.0-87-generi Tue Mar  5 15:07 - 16:55  (01:47)
user     :0           :0               Tue Mar  5 14:02 - down   (00:14)
reboot   system boot  5.15.0-87-generi Tue Mar  5 14:01 - 14:16  (00:14)
user     :0           :0               Tue Mar  5 08:41 - down   (03:28)
reboot   system boot  5.15.0-87-generi Tue Mar  5 08:41 - 12:09  (03:28)
user     :0           :0               Tue Mar  5 06:34 - down   (01:18)
reboot   system boot  5.15.0-87-generi Tue Mar  5 06:33 - 07:52  (01:18)
user     :0           :0               Tue Mar  5 03:25 - down   (00:43)
reboot   system boot  5.15.0-87-generi Tue Mar  5 03:25 - 04:09  (00:43)
user     :0           :0               Tue Mar  5 00:16 - down   (00:06)
reboot   system boot  5.15.0-87-generi Tue Mar  5 00:16 - 00:23  (00:06)
user     :0           :0               Mon Mar  4 20:37 - down   (03:35)
reboot   system boot  5.15.0-87-generi Mon Mar  4 20:37 - 00:12  (03:35)
user     :0           :0               Mon Mar  4 13:18 - down   (00:24)
reboot   system boot  5.15.0-87-generi Mon Mar  4 13:17 - 13:42  (00:25)
user     :0           :0               Mon Mar  4 09:20 - down   (02:02)
reboot   system boot  5.15.0-87-generi Mon Mar  4 09:20 - 11:23  (02:03)
user     :0           :0               Mon Mar  4 07:50 - down   (00:58)
reboot   system boot  5.15.0-87-generi Mon Mar  4 07:49 - 08:49  (00:59)
user     :0           :0               Sun Mar  3 21:02 - down   (01:57)
reboot   system boot  5.15.0-87-generi Sun Mar  3 21:02 - 22:59  (01:57)
user     :0           :0               Sun Mar  3 13:52 - down   (06:15)
reboot   system boot  5.15.0-87-generi Sun Mar  3 13:51 - 20:07  (06:15)
user     :0           :0               Sun Mar  3 09:51 - down   (02:59)
reboot   system boot  5.15.0-87-generi Sun Mar  3 09:51 - 12:51  (03:00)

wtmp begins Sun Mar  3 01:25:12 2024
user@jeshu1108:~$ nslookup google.com  (( server address ))
Server:		127.0.0.53
Address:	127.0.0.53#53

Non-authoritative answer:
Name:	google.com
Address: 142.250.183.238
Name:	google.com
Address: 2404:6800:4007:81d::200e

user@jeshu1108:~$ cp (( copy files ))
cp: missing file operand
Try 'cp --help' for more information.
user@jeshu1108:~$ ps -ef (( it displays a snapshot of all current processes ))

UID          PID    PPID  C STIME TTY          TIME CMD
root           1       0  0 13:49 ?        00:00:00 /sbin/init splash
root           2       0  0 13:49 ?        00:00:00 [kthreadd]
root           3       2  0 13:49 ?        00:00:00 [rcu_gp]
root           4       2  0 13:49 ?        00:00:00 [rcu_par_gp]
root           5       2  0 13:49 ?        00:00:00 [slub_flushwq]
root           6       2  0 13:49 ?        00:00:00 [netns]
root           8       2  0 13:49 ?        00:00:00 [kworker/0:0H-events_highpri]
root          10       2  0 13:49 ?        00:00:00 [mm_percpu_wq]
root          11       2  0 13:49 ?        00:00:00 [rcu_tasks_rude_]
root          12       2  0 13:49 ?        00:00:00 [rcu_tasks_trace]
root          13       2  0 13:49 ?        00:00:00 [ksoftirqd/0]
root          14       2  0 13:49 ?        00:00:00 [rcu_sched]
root          15       2  0 13:49 ?        00:00:00 [migration/0]
root          16       2  0 13:49 ?        00:00:00 [idle_inject/0]
root          18       2  0 13:49 ?        00:00:00 [cpuhp/0]
root          19       2  0 13:49 ?        00:00:00 [cpuhp/1]
root          20       2  0 13:49 ?        00:00:00 [idle_inject/1]
root          21       2  0 13:49 ?        00:00:00 [migration/1]
root          22       2  0 13:49 ?        00:00:00 [ksoftirqd/1]
root          23       2  0 13:49 ?        00:00:00 [kworker/1:0-events]
root          24       2  0 13:49 ?        00:00:00 [kworker/1:0H-events_highpri]
root          25       2  0 13:49 ?        00:00:00 [cpuhp/2]
root          26       2  0 13:49 ?        00:00:00 [idle_inject/2]
root          27       2  0 13:49 ?        00:00:00 [migration/2]
root          28       2  0 13:49 ?        00:00:00 [ksoftirqd/2]
root          30       2  0 13:49 ?        00:00:00 [kworker/2:0H-events_highpri]
root          31       2  0 13:49 ?        00:00:00 [cpuhp/3]
root          32       2  0 13:49 ?        00:00:00 [idle_inject/3]
root          33       2  0 13:49 ?        00:00:00 [migration/3]
root          34       2  0 13:49 ?        00:00:00 [ksoftirqd/3]
root          36       2  0 13:49 ?        00:00:00 [kworker/3:0H-events_highpri]
root          37       2  0 13:49 ?        00:00:00 [kdevtmpfs]
root          38       2  0 13:49 ?        00:00:00 [inet_frag_wq]
root          39       2  0 13:49 ?        00:00:00 [kauditd]
root          40       2  0 13:49 ?        00:00:00 [khungtaskd]
root          41       2  0 13:49 ?        00:00:00 [oom_reaper]
root          42       2  0 13:49 ?        00:00:00 [writeback]
root          43       2  0 13:49 ?        00:00:00 [kcompactd0]
root          44       2  0 13:49 ?        00:00:00 [ksmd]
root          45       2  0 13:49 ?        00:00:00 [khugepaged]
root          92       2  0 13:49 ?        00:00:00 [kintegrityd]
root          93       2  0 13:49 ?        00:00:00 [kblockd]
root          94       2  0 13:49 ?        00:00:00 [blkcg_punt_bio]
root          95       2  0 13:49 ?        00:00:00 [tpm_dev_wq]
root          96       2  0 13:49 ?        00:00:00 [ata_sff]
root          97       2  0 13:49 ?        00:00:00 [md]
root          98       2  0 13:49 ?        00:00:00 [edac-poller]
root          99       2  0 13:49 ?        00:00:00 [devfreq_wq]
root         100       2  0 13:49 ?        00:00:00 [watchdogd]
root         102       2  0 13:49 ?        00:00:00 [kworker/0:1H-events_highpri]
root         105       2  0 13:49 ?        00:00:00 [kswapd0]
root         106       2  0 13:49 ?        00:00:00 [ecryptfs-kthrea]
root         108       2  0 13:49 ?        00:00:00 [kthrotld]
root         109       2  0 13:49 ?        00:00:00 [irq/123-pciehp]
root         111       2  0 13:49 ?        00:00:00 [acpi_thermal_pm]
root         113       2  0 13:49 ?        00:00:00 [vfio-irqfd-clea]
root         114       2  0 13:49 ?        00:00:00 [mld]
root         115       2  0 13:49 ?        00:00:00 [kworker/1:1H-events_highpri]
root         116       2  0 13:49 ?        00:00:00 [ipv6_addrconf]
root         125       2  0 13:49 ?        00:00:00 [kstrp]
root         128       2  0 13:49 ?        00:00:00 [zswap-shrink]
root         138       2  0 13:49 ?        00:00:00 [charger_manager]
root         192       2  0 13:49 ?        00:00:00 [kworker/2:1H-events_highpri]
root         193       2  0 13:49 ?        00:00:00 [nvme-wq]
root         194       2  0 13:49 ?        00:00:00 [nvme-reset-wq]
root         195       2  0 13:49 ?        00:00:00 [nvme-delete-wq]
root         196       2  0 13:49 ?        00:00:00 [scsi_eh_0]
root         197       2  0 13:49 ?        00:00:00 [scsi_tmf_0]
root         199       2  0 13:49 ?        00:00:00 [kworker/u8:4-events_unbound]
root         202       2  0 13:49 ?        00:00:06 [irq/166-SYNA7DA]
root         227       2  0 13:49 ?        00:00:00 [jbd2/nvme0n1p2-]
root         228       2  0 13:49 ?        00:00:00 [ext4-rsv-conver]
root         265       2  0 13:49 ?        00:00:00 [kworker/3:1H-events_highpri]
root         268       1  0 13:49 ?        00:00:00 /lib/systemd/systemd-journald
root         301       2  0 13:49 ?        00:00:00 [ipmi-msghandler]
root         323       1  0 13:49 ?        00:00:00 /lib/systemd/systemd-udevd
root         363       2  0 13:49 ?        00:00:00 [kmemstick]
root         364       2  0 13:49 ?        00:00:00 [cfg80211]
root         365       2  0 13:49 ?        00:00:00 [irq/171-mei_me]
root         373       2  0 13:49 ?        00:00:00 [irq/172-iwlwifi]
root         376       2  0 13:49 ?        00:00:00 [irq/173-iwlwifi]
root         377       2  0 13:49 ?        00:00:00 [irq/174-iwlwifi]
root         378       2  0 13:49 ?        00:00:00 [irq/175-iwlwifi]
root         379       2  0 13:49 ?        00:00:00 [irq/176-iwlwifi]
root         380       2  0 13:49 ?        00:00:00 [irq/177-iwlwifi]
root         385       2  0 13:49 ?        00:00:00 [kworker/u9:1-i915_flip]
root         390       2  0 13:49 ?        00:00:00 [cryptd]
root         393       2  0 13:49 ?        00:00:00 [card0-crtc0]
root         394       2  0 13:49 ?        00:00:00 [card0-crtc1]
root         395       2  0 13:49 ?        00:00:00 [card0-crtc2]
root         396       2  0 13:49 ?        00:00:00 [card0-crtc3]
systemd+     581       1  0 13:49 ?        00:00:00 /lib/systemd/systemd-resolved
root         632       1  0 13:49 ?        00:00:00 /usr/lib/accountsservice/accounts-daemon
root         633       1  0 13:49 ?        00:00:00 /usr/sbin/acpid
avahi        635       1  0 13:49 ?        00:00:00 avahi-daemon: running [jeshu1108.local]
root         636       1  0 13:49 ?        00:00:00 /usr/lib/bluetooth/bluetoothd
root         637       1  0 13:49 ?        00:00:00 /usr/sbin/cron -f
root         638       1  0 13:49 ?        00:00:00 /usr/sbin/cupsd -l
message+     641       1  0 13:49 ?        00:00:00 /usr/bin/dbus-daemon --system --address=systemd: --nofork --nopidfile --systemd-activation --syslog-only
root         644       1  0 13:49 ?        00:00:01 /usr/sbin/NetworkManager --no-daemon
root         649       1  0 13:49 ?        00:00:00 /usr/sbin/irqbalance --foreground
root         651       1  0 13:49 ?        00:00:00 /usr/bin/python3 /usr/bin/networkd-dispatcher --run-startup-triggers
root         654       1  0 13:49 ?        00:00:01 /usr/lib/policykit-1/polkitd --no-debug
syslog       657       1  0 13:49 ?        00:00:00 /usr/sbin/rsyslogd -n -iNONE
root         661       1  0 13:49 ?        00:00:00 /usr/lib/snapd/snapd
root         663       1  0 13:49 ?        00:00:00 /usr/libexec/switcheroo-control
root         664       1  0 13:49 ?        00:00:00 /lib/systemd/systemd-logind
root         665       1  0 13:49 ?        00:00:01 /usr/sbin/thermald --systemd --dbus-enable --adaptive
root         668       1  0 13:49 ?        00:00:00 /usr/lib/udisks2/udisksd
root         670       1  0 13:49 ?        00:00:00 /sbin/wpa_supplicant -u -s -O /run/wpa_supplicant
avahi        680     635  0 13:49 ?        00:00:00 avahi-daemon: chroot helper
root         703       1  0 13:49 ?        00:00:00 /usr/sbin/cups-browsed
root         721       1  0 13:49 ?        00:00:00 /usr/sbin/ModemManager
root         724       1  0 13:49 ?        00:00:00 /usr/lib/bolt/boltd
root         763       2  0 13:49 ?        00:00:00 [kworker/0:6-events]
root         769       1  0 13:49 ?        00:00:00 /usr/sbin/gdm3
mysql        785       1  0 13:49 ?        00:00:13 /usr/sbin/mysqld
root         795       1  0 13:49 ?        00:00:00 /usr/bin/python3 /usr/share/unattended-upgrades/unattended-upgrade-shutdown --wait-for-signal
root         819       1  0 13:49 ?        00:00:00 /usr/lib/upower/upowerd
rtkit        848       1  0 13:49 ?        00:00:00 /usr/libexec/rtkit-daemon
colord      1236       1  0 13:49 ?        00:00:00 /usr/libexec/colord
root        1249       2  0 13:49 ?        00:00:00 [USBC000:00-con0]
whoopsie    1338       1  0 13:49 ?        00:00:00 /usr/bin/whoopsie -f
kernoops    1340       1  0 13:49 ?        00:00:00 /usr/sbin/kerneloops --test
kernoops    1342       1  0 13:49 ?        00:00:00 /usr/sbin/kerneloops
root        1366     769  0 13:50 ?        00:00:00 gdm-session-worker [pam/gdm-password]
user        1377       1  0 13:50 ?        00:00:00 /lib/systemd/systemd --user
user        1378    1377  0 13:50 ?        00:00:00 (sd-pam)
user        1383    1377  0 13:50 ?        00:00:00 /usr/bin/pulseaudio --daemonize=no --log-target=journal
user        1385    1377  0 13:50 ?        00:00:00 /usr/libexec/tracker-miner-fs
user        1387    1377  0 13:50 ?        00:00:00 /usr/bin/dbus-daemon --session --address=systemd: --nofork --nopidfile --systemd-activation --syslog-only
user        1404    1377  0 13:50 ?        00:00:00 /usr/libexec/gvfsd
user        1406       1  0 13:50 ?        00:00:00 /usr/bin/gnome-keyring-daemon --daemonize --login
user        1413    1377  0 13:50 ?        00:00:00 /usr/libexec/gvfsd-fuse /run/user/1000/gvfs -f -o big_writes
user        1417    1377  0 13:50 ?        00:00:00 /usr/libexec/gvfs-udisks2-volume-monitor
user        1428    1377  0 13:50 ?        00:00:00 /usr/libexec/gvfs-afc-volume-monitor
user        1433    1377  0 13:50 ?        00:00:00 /usr/libexec/gvfs-gphoto2-volume-monitor
user        1437    1377  0 13:50 ?        00:00:00 /usr/libexec/gvfs-goa-volume-monitor
user        1442    1377  0 13:50 ?        00:00:00 /usr/libexec/goa-daemon
user        1452    1377  0 13:50 ?        00:00:00 /usr/libexec/goa-identity-service
root        1455       2  0 13:50 ?        00:00:00 [krfcommd]
user        1459    1377  0 13:50 ?        00:00:00 /usr/libexec/gvfs-mtp-volume-monitor
user        1473    1366  0 13:50 tty2     00:00:00 /usr/lib/gdm3/gdm-x-session --run-script env GNOME_SHELL_SESSION_MODE=ubuntu /usr/bin/gnome-session --systemd --se
user        1475    1473  0 13:50 tty2     00:00:13 /usr/lib/xorg/Xorg vt2 -displayfd 3 -auth /run/user/1000/gdm/Xauthority -background none -noreset -keeptty -verbos
user        1486    1473  0 13:50 tty2     00:00:00 /usr/libexec/gnome-session-binary --systemd --systemd --session=ubuntu
user        1553    1486  0 13:50 ?        00:00:00 /usr/bin/ssh-agent /usr/bin/im-launch env GNOME_SHELL_SESSION_MODE=ubuntu /usr/bin/gnome-session --systemd --sessi
user        1571    1377  0 13:50 ?        00:00:00 /usr/libexec/at-spi-bus-launcher
user        1576    1571  0 13:50 ?        00:00:00 /usr/bin/dbus-daemon --config-file=/usr/share/defaults/at-spi2/accessibility.conf --nofork --print-address 3
user        1586    1377  0 13:50 ?        00:00:00 /usr/libexec/gnome-session-ctl --monitor
user        1593    1377  0 13:50 ?        00:00:00 /usr/libexec/gnome-session-binary --systemd-service --session=ubuntu
user        1610    1377  1 13:50 ?        00:00:20 /usr/bin/gnome-shell
user        1636    1610  0 13:50 ?        00:00:00 ibus-daemon --panel disable --xim
user        1640    1636  0 13:50 ?        00:00:00 /usr/libexec/ibus-dconf
user        1641    1636  0 13:50 ?        00:00:00 /usr/libexec/ibus-extension-gtk3
user        1645    1377  0 13:50 ?        00:00:00 /usr/libexec/ibus-x11 --kill-daemon
user        1648    1377  0 13:50 ?        00:00:00 /usr/libexec/ibus-portal
user        1656    1377  0 13:50 ?        00:00:00 /usr/libexec/at-spi2-registryd --use-gnome-session
user        1662    1377  0 13:50 ?        00:00:00 /usr/libexec/xdg-permission-store
user        1667    1377  0 13:50 ?        00:00:00 /usr/libexec/gnome-shell-calendar-server
user        1673    1377  0 13:50 ?        00:00:00 /usr/libexec/evolution-source-registry
user        1683    1377  0 13:50 ?        00:00:00 /usr/libexec/evolution-calendar-factory
user        1691    1377  0 13:50 ?        00:00:00 /usr/libexec/dconf-service
user        1697    1377  0 13:50 ?        00:00:00 /usr/libexec/evolution-addressbook-factory
user        1717    1377  0 13:50 ?        00:00:00 /usr/bin/gjs /usr/share/gnome-shell/org.gnome.Shell.Notifications
user        1725    1404  0 13:50 ?        00:00:00 /usr/libexec/gvfsd-trash --spawner :1.3 /org/gtk/gvfs/exec_spaw/0
user        1732    1377  0 13:50 ?        00:00:00 /usr/libexec/gsd-a11y-settings
user        1733    1377  0 13:50 ?        00:00:00 /usr/libexec/gsd-color
user        1734    1377  0 13:50 ?        00:00:00 /usr/libexec/gsd-datetime
user        1735    1377  0 13:50 ?        00:00:00 /usr/libexec/gsd-housekeeping
user        1737    1377  0 13:50 ?        00:00:00 /usr/libexec/gsd-keyboard
user        1739    1377  0 13:50 ?        00:00:00 /usr/libexec/gsd-media-keys
user        1740    1377  0 13:50 ?        00:00:00 /usr/libexec/gsd-power
user        1743    1377  0 13:50 ?        00:00:00 /usr/libexec/gsd-print-notifications
user        1747    1377  0 13:50 ?        00:00:00 /usr/libexec/gsd-rfkill
user        1748    1377  0 13:50 ?        00:00:00 /usr/libexec/gsd-screensaver-proxy
user        1749    1377  0 13:50 ?        00:00:00 /usr/libexec/gsd-sharing
user        1764    1377  0 13:50 ?        00:00:00 /usr/libexec/gsd-smartcard
user        1769    1377  0 13:50 ?        00:00:00 /usr/libexec/gsd-sound
user        1772    1377  0 13:50 ?        00:00:00 /usr/libexec/gsd-usb-protection
user        1776    1377  0 13:50 ?        00:00:00 /usr/libexec/gsd-wacom
user        1778    1377  0 13:50 ?        00:00:00 /usr/libexec/gsd-wwan
user        1790    1377  0 13:50 ?        00:00:00 /usr/libexec/gsd-xsettings
user        1812    1593  0 13:50 ?        00:00:00 /usr/libexec/evolution-data-server/evolution-alarm-notify
user        1813    1593  0 13:50 ?        00:00:00 /usr/libexec/gsd-disk-utility-notify
user        1848    1377  0 13:50 ?        00:00:01 /snap/snap-store/1113/usr/bin/snap-store --gapplication-service
user        1872    1377  0 13:50 ?        00:00:00 /usr/libexec/gsd-printer
user        1885    1377  0 13:50 ?        00:00:00 /usr/libexec/xdg-document-portal
user        1918    1636  0 13:50 ?        00:00:00 /usr/libexec/ibus-engine-simple
user        2023    1377  0 13:50 ?        00:00:00 /usr/libexec/xdg-desktop-portal
user        2027    1377  0 13:50 ?        00:00:00 /usr/libexec/xdg-desktop-portal-gtk
root        2066       1  0 13:51 ?        00:00:00 /usr/libexec/fwupd/fwupd
user        2613    1377  3 13:51 ?        00:01:00 /usr/lib/firefox/firefox -new-window
user        2702    2613  0 13:51 ?        00:00:00 /usr/lib/firefox/firefox -contentproc -parentBuildID 20231019122658 -prefsLen 31674 -prefMapSize 234754 -appDir /u
user        2743    2613  0 13:51 ?        00:00:02 /usr/lib/firefox/firefox -contentproc -childID 1 -isForBrowser -prefsLen 31815 -prefMapSize 234754 -jsInitLen 2353
user        2801    2613  0 13:51 ?        00:00:00 /usr/lib/firefox/firefox -contentproc -childID 2 -isForBrowser -prefsLen 37293 -prefMapSize 234754 -jsInitLen 2353
user        2874    2613  0 13:51 ?        00:00:00 /usr/lib/firefox/firefox -contentproc -parentBuildID 20231019122658 -sandboxingKind 0 -prefsLen 37393 -prefMapSize
user        2897    2613  1 13:51 ?        00:00:27 /usr/lib/firefox/firefox -contentproc -childID 4 -isForBrowser -prefsLen 30845 -prefMapSize 234754 -jsInitLen 2353
user        2907    2613  0 13:51 ?        00:00:00 /usr/lib/firefox/firefox -contentproc -childID 5 -isForBrowser -prefsLen 30845 -prefMapSize 234754 -jsInitLen 2353
user        2999    2613  0 13:51 ?        00:00:00 /usr/lib/firefox/firefox -contentproc -childID 6 -isForBrowser -prefsLen 31147 -prefMapSize 234754 -jsInitLen 2353
user        3021    1377  0 13:51 ?        00:00:00 /usr/libexec/gvfsd-metadata
user        3024    1593  0 13:51 ?        00:00:00 update-notifier
user        3212    2613  0 13:54 ?        00:00:00 /usr/lib/firefox/firefox -contentproc -childID 7 -isForBrowser -prefsLen 31199 -prefMapSize 234754 -jsInitLen 2353
root        3239       2  0 13:55 ?        00:00:00 [kworker/2:0-events]
root        3250       2  0 13:56 ?        00:00:00 [kworker/u9:0-rb_allocator]
root        3265       2  0 13:59 ?        00:00:00 [kworker/1:1]
root        3274       2  0 14:01 ?        00:00:00 [kworker/2:1-events]
root        3301       2  0 14:03 ?        00:00:00 [kworker/3:2-events]
root        3329       2  0 14:05 ?        00:00:00 [kworker/u8:0-events_unbound]
root        3350       2  0 14:09 ?        00:00:00 [kworker/3:1-events]
root        3364       2  0 14:10 ?        00:00:00 [kworker/0:1]
root        3397       2  0 14:14 ?        00:00:00 [kworker/3:0-events]
root        3409       2  0 14:16 ?        00:00:00 [kworker/u8:1-events_unbound]
root        3410       2  0 14:16 ?        00:00:00 [kworker/1:2-events]
user        3443    1377  0 14:17 ?        00:00:00 /usr/libexec/gnome-terminal-server
user        3451    3443  0 14:17 pts/0    00:00:00 bash
root        3458       2  0 14:17 ?        00:00:00 [kworker/u9:2]
root        3474     323  0 14:19 ?        00:00:00 /lib/systemd/systemd-udevd
user        3475    3451  0 14:19 pts/0    00:00:00 ps -ef
user@jeshu1108:~$ top (( it displays a live status of current processes ))

top - 14:22:11 up 32 min,  1 user,  load average: 0.21, 0.12, 0.13
Tasks: 218 total,   1 running, 217 sleeping,   0 stopped,   0 zombie
%Cpu(s):  0.3 us,  0.4 sy,  0.0 ni, 99.4 id,  0.0 wa,  0.0 hi,  0.0 si,  0.0 st
MiB Mem :   7716.4 total,   3929.1 free,   1611.5 used,   2175.9 buff/cache
MiB Swap:   2048.0 total,   2048.0 free,      0.0 used.   5333.6 avail Mem 

    PID USER      PR  NI    VIRT    RES    SHR S  %CPU  %MEM     TIME+ COMMAND                                                                                        
   1610 user      20   0 4302224 257052 104616 S   1.0   3.3   0:22.06 gnome-shell                                                                                    
   1739 user      20   0  901280  31312  20656 S   0.5   0.4   0:00.23 gsd-media-keys                                                                                 
   3443 user      20   0  816108  53040  38952 S   0.5   0.7   0:02.79 gnome-terminal-                                                                                
      1 root      20   0  167656  11392   8212 S   0.0   0.1   0:00.82 systemd                                                                                        
      2 root      20   0       0      0      0 S   0.0   0.0   0:00.00 kthreadd                                                                                       
      3 root       0 -20       0      0      0 I   0.0   0.0   0:00.00 rcu_gp                                                                                         
      4 root       0 -20       0      0      0 I   0.0   0.0   0:00.00 rcu_par_gp                                                                                     
      5 root       0 -20       0      0      0 I   0.0   0.0   0:00.00 slub_flushwq                                                                                   
      6 root       0 -20       0      0      0 I   0.0   0.0   0:00.00 netns                                                                                          
      8 root       0 -20       0      0      0 I   0.0   0.0   0:00.00 kworker/0:0H-events_highpri                                                                    
     10 root       0 -20       0      0      0 I   0.0   0.0   0:00.00 mm_percpu_wq                                                                                   
     11 root      20   0       0      0      0 S   0.0   0.0   0:00.00 rcu_tasks_rude_                                                                                
     12 root      20   0       0      0      0 S   0.0   0.0   0:00.00 rcu_tasks_trace                                                                                
     13 root      20   0       0      0      0 S   0.0   0.0   0:00.05 ksoftirqd/0                                                                                    
     14 root      20   0       0      0      0 I   0.0   0.0   0:00.52 rcu_sched                                                                                      
     15 root      rt   0       0      0      0 S   0.0   0.0   0:00.01 migration/0                                                                                    
     16 root     -51   0       0      0      0 S   0.0   0.0   0:00.00 idle_inject/0                                                                                  
     18 root      20   0       0      0      0 S   0.0   0.0   0:00.00 cpuhp/0                                                                                        
     19 root      20   0       0      0      0 S   0.0   0.0   0:00.00 cpuhp/1                                                                                        
     20 root     -51   0       0      0      0 S   0.0   0.0   0:00.00 idle_inject/1                                                                                  
     21 root      rt   0       0      0      0 S   0.0   0.0   0:00.07 migration/1                                                                                    
     22 root      20   0       0      0      0 S   0.0   0.0   0:00.04 ksoftirqd/1                                                                                    
     24 root       0 -20       0      0      0 I   0.0   0.0   0:00.00 kworker/1:0H-events_highpri                                                                    
     25 root      20   0       0      0      0 S   0.0   0.0   0:00.00 cpuhp/2                                                                                        
     26 root     -51   0       0      0      0 S   0.0   0.0   0:00.00 idle_inject/2                                                                                  
     27 root      rt   0       0      0      0 S   0.0   0.0   0:00.08 migration/2                                                                                    
     28 root      20   0       0      0      0 S   0.0   0.0   0:00.11 ksoftirqd/2                                                                                    
     30 root       0 -20       0      0      0 I   0.0   0.0   0:00.00 kworker/2:0H-events_highpri                                                                    
     31 root      20   0       0      0      0 S   0.0   0.0   0:00.00 cpuhp/3                                                                                        
     32 root     -51   0       0      0      0 S   0.0   0.0   0:00.00 idle_inject/3                                                                                  
     33 root      rt   0       0      0      0 S   0.0   0.0   0:00.08 migration/3                                                                                    
     34 root      20   0       0      0      0 S   0.0   0.0   0:00.03 ksoftirqd/3                                                                                    
     36 root       0 -20       0      0      0 I   0.0   0.0   0:00.00 kworker/3:0H-events_highpri                                                                    
     37 root      20   0       0      0      0 S   0.0   0.0   0:00.00 kdevtmpfs                                                                                      
     38 root       0 -20       0      0      0 I   0.0   0.0   0:00.00 inet_frag_wq                                                                                   
     39 root      20   0       0      0      0 S   0.0   0.0   0:00.00 kauditd                                                                                        
     40 root      20   0       0      0      0 S   0.0   0.0   0:00.00 khungtaskd                                                                                     
     41 root      20   0       0      0      0 S   0.0   0.0   0:00.00 oom_reaper                                                                                     
[1]+  Stopped                 top
user@jeshu1108:~$ history
 1011  java ReqEmp;
 1012  javac ReqEmp.java
 1013  java ReqEmp;
 1014  javac ReqEmp.java
 1015  java ReqEmp;
 1016  javac test2.java
 1017  java ReqEmp;
 1018  javac test2.java
 1019  java test2
 1020  javac test2.java
 1021  java test2
 1022  javac test2.java
 1023  java test2
 1024  javac test2.java
 1025  java test2
 1026  javac test2.java
 1027  java test2
 1028  javac stt.java
 1029  java stt
 1030  ][pkjhgfdxfghjkl;'
 1031  javac test2.java
 1032  ][pkjhgfdxfghjkl;'
 1033  javac test2.java
 1034  java test2
 1035  javac area.java
 1036  java area
 1037  javac area.java
 1038  java area
 1039  javac area.java
 1040  java area
 1041  javac overload.java
 1042  java overload
 1043  javac overload.java
 1044  java overload
 1045  javac vararg.java
 1046  java vararg
 1047  sudo mysql;
 1048  javac commandline.java
 1049  javac Commandline.java
 1050  java Commandline
 1051  java Commandline jeshu
 1052  javac Commandline.java
 1053  java Commandline jeshu
 1054  javac Commandline.java
 1055  java Commandline jeshu
 1056  javac Commandline.java
 1057  java Commandline jeshu
 1058  java Commandline "jeshu"
 1059  javac Commandline.java
 1060  java Commandline 10 11 22
 1061  javac recursion.java
 1062  java recursion
 1063  javac recursion.java
 1064  java recursion
 1065  javac Circle1.java
 1066  java Circle1
 1067  javac Circle1.java
 1068  java Circle1
 1069  javac Rectangle.java
 1070  java Circle1
 1071  javac Rectangle.java
 1072  java Rectangle
 1073  javac student.java
 1074  clear
 1075  javac student.java
 1076  clear
 1077  javac student.java
 1078  java student
 1079  javac student.java
 1080  java student
 1081  javac student.java
 1082  java student
 1083  javac vararg.java
 1084  java vararg
 1085  javac student.java
 1086  java student
 1087  javac relational.java
 1088  javac recursion.java
 1089  javac recursion
 1090  java recursion
 1091  javac rectangle.java
 1092  javac Rectangle.java
 1093  java Rectangle;
 1094  javac Circle1.java
 1095  java Circle1
 1096  sudo mysql;
 1097  javac Rectangle1.java
 1098  java Rectangle1
 1099  javac Rectangle1.java
 1100  java Rectangle1
 1101  javac Rectangle1.java
 1102  java Rectangle1
 1103  javac Cylinder.java
 1104  java Cylinder
 1105  javac Cylinder.java
 1106  java Cylinder
 1107  javac sub_oops.java
 1108  javac inheritence.java
 1109  java inheritence
 1110  javac inheritence.java
 1111  java inheritence
 1112  javac sub_oops.java
 1113  javac Cylinder.java
 1114  java Cylinder
 1115  javac Rectangle1.java
 1116  java Rectangle1
 1117  javac Circle1.java
 1118  java Circle1
 1119  javac parasquare.java
 1120  java parasquare
 1121  1
 1122  javac parasquare.java
 1123  java parasquare
 1124  javac parasquare.java
 1125  javac thisSuper.java
 1126  java thisSuper
 1127  javac thisSuper.java
 1128  java thisSuper
 1129  javac thisSuper.java
 1130  java thisSuper
 1131  javac thisSuper.java
 1132  java thisSuper
 1133  javac thisSuper.java
 1134  java thisSuper
 1135  javac thisSuper.java
 1136  java thisSuper
 1137  javac thisSuper.java
 1138  java thisSuper
 1139  javac parasquare.java
 1140  java parasquare
 1141  javac.overriding.java
 1142  javac overriding.java
 1143  java overriding
 1144  cd/Hmoe
 1145  cd/Home
 1146  javac overriding.java
 1147  java overriding
 1148  javac overriding.java
 1149  java overriding
 1150  sudo mysql;
 1151  SUDO MYSQL;
 1152  sudo mysql;
 1153  sudo mysql
 1154  javac dynamic_memo_dispatch.java
 1155  javac Circle1.java
 1156  java Circle1
 1157  javac sortarray.java
 1158  java sortarray
 1159  javac sortarray.java
 1160  java sortarray
 1161  sudo mysql;
 1162  CLOSE
 1163  CLEAR
 1164  clear
 1165  javac overriding.java
 1166  java overriding;
 1167  javac overriding.java
 1168  java overriding;
 1169  javac overriding.java
 1170  java overriding
 1171  javac overriding.java
 1172  java overriding
 1173  javac overriding.java
 1174  java overriding
 1175  javac overriding.java
 1176  javac dynamicDis.java
 1177  java dynamicDis
 1178  javac Abstract.java
 1179  java Abstract
 1180  POWEROFF
 1181  poweroff
 1182  javac main.java;
 1183  java main;
 1184  javac Abstract.java
 1185  java Abstract
 1186  javac area.java
 1187  java area
 1188  javac Commandline.java
 1189  java Commandline
 1190  javac Commandline.java
 1191  java Commandline 2
 1192  javac condition.java
 1193  java condition
 1194  javac Cylinder.java
 1195  java Cylinder
 1196  7
 1197  8
 1198  javac dynamicDis.java
 1199  java dynamicDis
 1200  javac overload.java
 1201  java overload
 1202  javac parasquare.java
 1203  java parasquare
 1204  javac account.java
 1205  java account;
 1206  javac account.java
 1207  java account;
 1208  javac account.java
 1209  java account;
 1210  javac account.java
 1211  java account;
 1212  javac account.java
 1213  java account;
 1214  javac account.java
 1215  java account;
 1216  javac ThisCheck.java
 1217  java ThisCheck
 1218  javac ThisCheck.java
 1219  java ThisCheck
 1220  javac ThisCheck.java
 1221  java ThisCheck
 1222  javac ThisCheck.java
 1223  java ThisCheck
 1224  javac ThisCheck.java
 1225  java ThisCheck
 1226  javac ThisCheck.java
 1227  java ThisCheck
 1228  javac ThisCheck.java
 1229  java ThisCheck
 1230  javac ThisCheck.java
 1231  java ThisCheck
 1232  javac ThisCheck.java
 1233  java ThisCheck
 1234  javac ThisCheck.java
 1235  java ThisCheck
 1236  javac ThisCheck.java
 1237  java ThisCheck
 1238  javac ThisCheck.java
 1239  java ThisCheck
 1240  javac ThisCheck.java
 1241  java ThisCheck
 1242  javac ThisCheck.java
 1243  javac SuperUse.java
 1244  java SuperUse
 1245  javac CircleTest.java
 1246  java CircleTest
 1247  javac CircleTest.java
 1248  java CircleTest
 1249  sudo mysql
 1250  javac prime.java
 1251  java prime
 1252  javac prime.java
 1253  java prime
 1254  javac prime.java
 1255  java prime
 1256  javac prime.java
 1257  java prime
 1258  javac prime.java
 1259  java prime
 1260  javac myfirst.java
 1261  java myfirst
 1262  javac bgg.java
 1263  java bgg
 1264  javac calci.java
 1265  javac calc.java
 1266  java calc
 1267  java palin.java
 1268  javac palin.java
 1269  javac prime.java
 1270  java prime
 1271  javac quad.java
 1272  java quad
 1273  javac addmatrix.java
 1274  java addmatrix
 1275  javac addmatrix.java
 1276  java addmatrix
 1277  javac multimatrix.java
 1278  java multimatrix
 1279  javac multimatrix.java
 1280  java multimatrix
 1281  javac sort.java
 1282  java sort
 1283  javac namesort.java
 1284  java namesort
 1285  javac namesort.java
 1286  java namesort
 1287  sudo mysql;
 1288  javac employee.java
 1289  java employee
 1290  javac employee.java
 1291  java employee;
 1292  javac employee.java
 1293  java employee;
 1294  javac employee.java
 1295  java employee;
 1296  javac employee.java
 1297  java employee;
 1298  javac employee.java
 1299  java employee;
 1300  javac employee.java
 1301  java employee;
 1302  javac retailPrice.java
 1303  javac retailprice.java
 1304  java retailprice
 1305  javac retailprice.java
 1306  java retailprice
 1307  javac duplicateremove.java
 1308  java duplicateremove
 1309  javac duplicateremove.java
 1310  java duplicateremove
 1311  javac duplicateremove.java
 1312  java duplicateremove
 1313  3
 1314  javac duplicateremove.java
 1315  3
 1316  java duplicateremove
 1317  javac duplicateremove.java
 1318  java duplicateremove
 1319  javac book_stall.java
 1320  java book_stall.java
 1321  javac overriding.java
 1322  java overriding
 1323  javac overriding.java
 1324  java overriding
 1325  javac javac
 1326  javac employee.java
 1327  cd week2
 1328  javac week4.java
 1329  java week4
 1330  javac WrapperClass.java
 1331  java WrapperClass
 1332  sudo mysql;
 1333  javac vehicle2.java
 1334  java vehicle2;
 1335  javac vehicle21.java
 1336  javac vehicle2-1.java
 1337  javac vehicle3.java
 1338  javac vehicle2.java;
 1339  java vehicle2;
 1340  javac overloading.java
 1341  java overloading
 1342  javac Interface.java
 1343  javac quad.java
 1344  java quad;
 1345  javac OuterTest.java
 1346  java OuterTest
 1347  javac OuterTest.java
 1348  javac StaticInner.java
 1349  java StaticInner
 1350  javac StaticInner.java
 1351  java StaticInner
 1352  javac calc.java
 1353  java calc;
 1354  javac calc.java
 1355  java calc;
 1356  javac prime.java
 1357  java prime
 1358  javac sort.java
 1359  java sort
 1360  javac linearsearch.java
 1361  java linearsearch
 1362  javac binrysearch.java
 1363  javac binarysearch.java
 1364  java binarysearch
 1365  cd week2
 1366  javac addmatrix.java
 1367  java addmatrix
 1368  javac multimatrix.java
 1369  java multimatrix;
 1370  javac namesort.java
 1371  java namesort
 1372  javac Commandline.java
 1373  java Commandline
 1374  java Commandline 10
 1375  java Commandline 80
 1376  java Commandline 80+20
 1377  javac employee.java
 1378  java employee
 1379  javac employee.java
 1380  java employee
 1381  javac employee.java
 1382  java employee
 1383  javac diceroll.java
 1384  java diceroll
 1385  javac book_stall.java
 1386  java book_stall
 1387  javac book_stall.java
 1388  java book_stall
 1389  javac book_stall.java
 1390  java book_stall
 1391  javac week4.java
 1392  java week4
 1393  sudo mysql
 1394  clear;
 1395  mysql;
 1396  sudo mysql;
 1397  mysql -u root -p
 1398  mysql;
 1399  sudo mysql;
 1400  CLEAR
 1401  clear;
 1402  bye
 1403  clear
 1404  skd
 1405  close
 1406  clr
 1407  clear
 1408  javac -d . demo.java
 1409  dir
 1410  mmm cd
 1411  cd
 1412  mypack
 1413  javac -d:\ demo.java
 1414  dir
 1415  cd desktop
 1416  cd Desktop
 1417  dir
 1418  cd Home
 1419  Home
 1420  cd Home
 1421  cd Documents
 1422  dir
 1423  cd .
 1424  cd Home
 1425  javac demo2.java
 1426  javac -d . demo2.java
 1427  javac demo2
 1428  java demo2
 1429  javac -d . demo2.java
 1430  java demo2
 1431  javac WrapperClass.java
 1432  java WrapperClass
 1433  javac CircleTest.java
 1434  java CircleTest
 1435  javac value2.java
 1436  java value2
 1437  javac value.java
 1438  javac value
 1439  javac valuecall.java
 1440  java valuecall
 1441  javac object2.java
 1442  java object2
 1443  javac account.java
 1444  java account
 1445  javac ThisCheck.java
 1446  java ThisCheck
 1447  javac SuperUse.java
 1448  java SuperUse
 1449  javac static2.java
 1450  java static2
 1451  javac Testing.java
 1452  javac super2-1.java
 1453  javac super2.java
 1454  java super2
 1455  javac Testing.java
 1456  java Testing
 1457  javac Testing.java
 1458  java Testing
 1459  javac Hello.java
 1460  java Hello
 1461  javac Salary.java
 1462  javac employee2.java
 1463  java employee
 1464  javac employee2.java
 1465  java employee
 1466  javac employee2.java
 1467  java employee
 1468  javac Salary.java
 1469  java Salary
 1470  javac Abstract.java
 1471  java Abstract
 1472  javac Testing.java
 1473  java Testing
 1474  javac Salary.java
 1475  java Salary
 1476  javac vehicle2.java
 1477  java vehicle2
 1478  javac vechile3.java
 1479  javac vehicle3.java
 1480  java vehicle3
 1481  javac vehicle3.java
 1482  java vehicle3
 1483  javac vehicle3.java
 1484  java vehicle3
 1485  javac volume2.java
 1486  java volume2
 1487  javac volume2.java
 1488  java volume2
 1489  javac volume2.java
 1490  java volume2
 1491  javac volume2.java
 1492  java volume2
 1493  javac volume2.java
 1494  java volume2
 1495  javac subclass2.java
 1496  java subclass2
 1497  javac subclass2.java
 1498  java subclass2
 1499  javac payable2.java
 1500  java payable2
 1501  javac payable2.java
 1502  java payable2
 1503  javac consumption.java
 1504  java consumption
 1505  javac consumption.java
 1506  java consumption
 1507  javac consumption.java
 1508  java consumption
 1509  cd JVM
 1510  javac bgg.java
 1511  java bgg
 1512  cd JVM
 1513  javac week33.java
 1514  java week33
 1515  cd JVM
 1516  javac -d . week85b1.java
 1517  javac -d . week85b2.java
 1518  cd packages
 1519  javac -d . week85b1.java
 1520  javac -d . week85b2.java
 1521  java week85b1.week85b2
 1522  sudo mysql;
 1523  close
 1524  javac consumption.java
 1525  java consumption
 1526  javac consumption.java
 1527  java consumption
 1528  javac fare.java
 1529  java fare
 1530  javac fare.java
 1531  java fare
 1532  javac fare.java
 1533  javac Main.java
 1534  java Main
 1535  java fare
 1536  javac Fee.java
 1537  java Fee
 1538  javac Fee.java
 1539  java Fee
 1540  clear
 1541  javac Fee.java
 1542  java Fee
 1543  javac Primefact.java
 1544  java Primefact
 1545  javac large.java
 1546  java large
 1547  javac BinaryS.java
 1548  java BinaryS
 1549  javac multimatrix.java
 1550  java multimatrix
 1551  javac name_sort.java
 1552  java name_sort
 1553  javac duplicate.java
 1554  java duplicate
 1555  javac duplicateremove.java
 1556  java duplicateremove
 1557  javac duplicateremove.java
 1558  java duplicateremove
 1559  javac duplicateremove.java
 1560  java duplicateremove
 1561  javac dice.java
 1562  java dice
 1563  javac dice.java
 1564  java dice
 1565  javac CircleTest.java
 1566  java CircleTest
 1567  javac Abstract.java
 1568  java Abstract
 1569  javac employee2.java
 1570  java employee2
 1571  javac overriding.java
 1572  java overriding
 1573  javac overriding.java
 1574  java overriding
 1575  javac overriding.java
 1576  java overriding
 1577  clear
 1578  javac Abstract.java
 1579  java Abstract
 1580  cd week6
 1581  javac vehicle2.java
 1582  java vehicle
 1583  java vehicle2
 1584  javac train2.java
 1585  java train2
 1586  javac train2.java
 1587  java train2
 1588  javac Salary.java
 1589  java Salary
 1590  javac consumption.java
 1591  java consumption
 1592  javac consumption.java
 1593  java consumption
 1594  javac consumption.java
 1595  java consumption
 1596  javac vehicle3.java
 1597  java vehicle3
 1598  javac consumption.java
 1599  java consumption
 1600  javac Fee.java
 1601  java Fee
 1602  javac Fee.java
 1603  java Fee
 1604  javac -d . A.java
 1605  javac -d .A.java;
 1606  javac -d.A.java
 1607  javac A.java
 1608  javac -d . A.java
 1609  javac -d.A.java
 1610  sudo mqsql;
 1611  sudo mysql;
 1612  clear
 1613  sudo mysql;
 1614  javac M.java
 1615  java M
 1616  javac -d . M.java
 1617  javac M.java
 1618  java M
 1619  javac pack.java
 1620  javac -d . M.java
 1621  javac -d.N.java
 1622  javac -d . N.java
 1623  javac N.java
 1624  java N
 1625  javac -d . Q.java
 1626  javac Q.java
 1627  java Q
 1628  javac pack.java
 1629  java pack;
 1630  javac -d . Triangle.java
 1631  javac -d . Square.java
 1632  javac -d . Triangle.java
 1633  javac -d . Square.java
 1634  javac -d . circle.java
 1635  javac shapeCheck.java
 1636  java shapeCheck
 1637  javac exception.java
 1638  java exception
 1639  javac exception.java
 1640  java exception
 1641  javac exception.java
 1642  java exception
 1643  javac exception.java
 1644  java exception
 1645  javac expo.java
 1646  java expo
 1647  javac expo.java
 1648  java expo
 1649  javac expo.java
 1650  java exception
 1651  javac expo.java
 1652  java expo
 1653  javac expo.java
 1654  java expo
 1655  javac CheckUnChecked.java
 1656  java CheckUnChecked
 1657  javac -d . CSE.java
 1658  javac -d . ECE.java
 1659  javac -d . CE.java
 1660  javac -d . ME.java
 1661  javac deptTest.java
 1662  javac -d . CSE.java
 1663  javac -d . ECE.java
 1664  javac -d . CE.java
 1665  javac -d . ME.java
 1666  javac deptTest.java
 1667  javac -d . CSE.java
 1668  javac -d . ECE.java
 1669  javac -d . CE.java
 1670  javac -d . ME.java
 1671  javac deptTest.java
 1672  java deptTest
 1673  javac -d . CSE.java
 1674  javac -d . ECE.java
 1675  javac -d . CE.java
 1676  javac -d . ME.java
 1677  java deptTest
 1678  javac -d . CSE.java
 1679  javac -d . ECE.java
 1680  javac -d . CE.java
 1681  javac -d . ME.java
 1682  javac deptTest.java
 1683  java deptTest
 1684  javac -d . sum.java
 1685  javac -d . diff.java
 1686  javac -d . multiply.java
 1687  javac -d . division.java
 1688  javac -d . remainder.java
 1689  javac Calculator.java
 1690  javac calcTest.java
 1691  java calcTest
 1692  gcc simple.c
 1693  simple.c
 1694  javac InheritTest.java
 1695  java InheritTest
 1696  javac InheritTest.java
 1697  javac synchronize.java
 1698  java synchronize
 1699  javac -d.sum.java
 1700  javac -d.Calculator
 1701  javac calcTest.java
 1702  java calcTest
 1703  javac shapeCheck.java
 1704  java shapeCheck
 1705  javac calcTest.java
 1706  java calcTest
 1707  javac SALARY.java
 1708  java SALARY
 1709  javac synchronize.java
 1710  java synchronize
 1711  javac quad.java
 1712  java quad
 1713  javac prime.java
 1714  java prime
 1715  javac palindrome.java
 1716  java palindrome
 1717  javac circle4.java
 1718  java circle4
 1719  javac main1.java
 1720  java main1
 1721  javac rethrow.java
 1722  java rethrow
 1723  javac notfound.java
 1724  java notfound
 1725  javac Chars.java
 1726  java Chars
 1727  javac keyword.java
 1728  java keyword
 1729  javac MyThread.java
 1730  java MyThread
 1731  javac consumerThread.java
 1732  java consumerThread
 1733  javac TheaterThread.java
 1734  java TheaterThread
 1735  javac TrafficLightThread.java
 1736  java TrafficLightThread
 1737  javac TrafficLightThread.java
 1738  java TrafficLightThread
 1739  javac TheaterThread.java
 1740  java TheaterThread
 1741  javac TheaterThread.java
 1742  java TheaterThread
 1743  javac TheaterThread.java
 1744  java TheaterThread
 1745  javac TrainThread.java
 1746  java TrainThread
 1747  javac shape.java
 1748  javac valuecall.java
 1749  java valuecall
 1750  javac  static2.java
 1751  java  static2
 1752  javac main1.java
 1753  java main1
 1754  javac TheaterThread.java
 1755  java TheaterThread
 1756  javac TheaterThread.java
 1757  java TheaterThread
 1758  javac rethrow.java
 1759  java rethrow
 1760  javac Chars.java
 1761  java Chars
 1762  javac keyword.java
 1763  java keyword
 1764  javac MyThread.java
 1765  javaMyThread
 1766  java MyThread
 1767  javac consumerThread.java 
 1768  java consumerThread
 1769  javac TrafficLightThread.java
 1770  java TrafficLightThread
 1771  javac TrafficLightThread.java
 1772  java TrafficLightThread
 1773  javac -d . CSE.java
 1774  javac -d . ECE.java
 1775  javac -d . CE.java
 1776  javac -d . ME.java
 1777  javac deptTest.java
 1778  java deptTest
 1779  javac TrainThread.java
 1780  java TrainThread
 1781  java TrainThreas
 1782  java TrainThread
 1783  javac -d . demo1.java
 1784  javac vam.java
 1785  java vam
 1786  javac Main.java
 1787  java Main
 1788  mysql;
 1789  sudo mysql;
 1790  BYE
 1791  id
 1792  touch
 1793  ls
 1794  id
 1795  cp
 1796  sudo cp
 1797  cat file
 1798  show databases;
 1799  cp
 1800  ls
 1801  mk_dir
 1802  cat> file
 1803  cat file
 1804  cat> file1
 1805  cat file1
 1806  cat file
 1807  cat file2
 1808  cat file1
 1809  ls
 1810  ls id
 1811  Id
 1812  mkdir
 1813  mkdir newfolder
 1814  cd newfolder
 1815  pwd
 1816  rmdir newfolder
 1817  cd newfolder
 1818  home
 1819  ls
 1820  touch example
 1821  ls
 1822  cp /home/user/file1.txt /home/user/new
 1823  cp /home/user/file1.txt /Desktop/user/new
 1824  cp /home/user/file1.txt /Desktop/user/new1
 1825  mv /home/user/file1.txt /desktop/user/python
 1826  rm file.txt
 1827  rm file1.txt
 1828  rm poster
 1829  rm 9.c
 1830  chmod +w file
 1831  hello welcome to rgukt basar
 1832  chmod +x quli.c
 1833  cal
 1834  ca
 1835  cal
 1836  ls
 1837  file Documents
 1838  sort file
 1839  cat> jeshu
 1840  cat> file3
 1841  cat file3
 1842  sort file3
 1843  cat> file4
 1844  cat file
 1845  cat file4
 1846  sort file4
 1847  cal
 1848  grep picture file
 1849  sort file4
 1850  grep picture file4
 1851  destktop
 1852  man pwd
 1853  lpr file4
 1854  clr
 1855  clear
 1856  histroy
 1857  history
 1858  clear
 1859  df file4
 1860  diff file4 file
 1861  dir
 1862  cat file3
 1863  sort file3
 1864  dirname
 1865  who
 1866  pwd
 1867  history
 1868  who
 1869  cal
 1870  cat> file5
 1871  cat file5
 1872  sort file5
 1873  rm file5
 1874  cat file5
 1875  rm poster
 1876  cat> file5
 1877  sort file5
 1878  cat file5
 1879  rm file5
 1880  rm file4
 1881  sort file5
 1882  clear
 1883  history
 1884  mkdir
 1885  mkdir pwd
 1886  pwd
 1887  passwd
 1888  show files
 1889  lm
 1890  ls
 1891  ftp
 1892  clear
 1893  ls
 1894  clear
 1895  cat> grepfilter.txt
 1896  grep "rgukt" grepfilter.txt
 1897  grep 's/rgukt/UNIX/' grepfilter.txt
 1898  grep 's/rgukt/RGUKT/' grepfilter.txt
 1899  grep -n "unix" grepfilter.txt
 1900  grep -h "unix" grepfilter.txt
 1901  grep -v "unix" grepfilter.txt
 1902  grep -o "unix" grepfilter.txt
 1903  grep -e "unix" grepfilter.txt
 1904  grep -c "unix" grepfilter.txt
 1905  grep -c "o" grepfilter.txt
 1906  grep -o "o" grepfilter.txt
 1907  grep -v "this" grepfilter.txt
 1908  grep -l "this" grepfilter.txt
 1909  cat> monthfile.txt
 1910  sort -M monthfile.txt
 1911  cat> numberfile.txt
 1912  sort -n- numberfile.txt
 1913  sort -n numberfile.txt
 1914  cat> day.txt
 1915  sort -D day.txt
 1916  sort -d day.txt
 1917  sed 's/rgukt/RGUKT' grepfilter.txt
 1918  sed 's/rgukt/RGUKT/' grepfilter.txt
 1919  sed 's/unix/UNIX/' grepfilter.txt
 1920  sed 's/linux/LINUX/' grepfilter.txt
 1921  sed 's/linux/unix/2' grepfilter.txt
 1922  sed 's/r/2' grepfilter.txt
 1923  sed 's/r/R/2' grepfilter.txt
 1924  sed 's/o/**/g' grepfilter.txt
 1925  sed 's/r/R/g' grepfilter.txt
 1926  sed 's/o/O/g' grepfilter.txt
 1927  sed 's/x/X/g' grepfilter.txt
 1928  shutdown -r Now
 1929  shutdown -r now
 1930  sed 's/x/X/g' grepfilter.txt
 1931  sed 's/o/O/g' grepfilter.txt
 1932  shutdown -r 15:04
 1933  c
 1934  shutdown -c
 1935  shutdown -r 15:06
 1936  ftp ftp://dlpuser:rNrKYTX9g7z3RgJRmxWuGHbeu@ftp.dlptest.com/
 1937  ftp dlpuser:rNrKYTX9g7z3RgJRmxWuGHbeu@ftp.dlptest.com/
 1938  ftp ftp://dlpuser:rNrKYTX9g7z3RgJRmxWuGHbeu@ftp.dlptest.com/
 1939  ssh sujoysarkar@tty.sdf.org
 1940  clear
 1941  ssh sujoysarkar@tty.sdf.org
 1942  ftp ftp://dlpuser:rNrKYTX9g7z3RgJRmxWuGHbeu@ftp.dlptest.com
 1943  ftp ftp.dlptest.com
 1944  ftp ftp://dlpuser:rNrKYTX9g7z3RgJRmxWuGHbeu@ftp.dlptest.com/
 1945  ftp ftp.dlptest.com
 1946  ls
 1947  scp linear.c sujoysarkar:kseFUqtOXGlNwg@tty.sdf.org
 1948  scp linear.c sujoysarkar@tty.sdf.org
 1949  ssh sujoysarkar@tty.sdf.org
 1950  sudo apt-get install telnet
 1951  telnet towel.blinkenlights.nl
 1952  shutdown -r 15:10
 1953  shutdown -c
 1954  sort -n numberfile.txt
 1955  grep "rgukt" grepfilter.txt
 1956  cat> awkfile1.txt
 1957  awk '{print$1 $3}'awkfile1.txt
 1958  awk '{print$1 ,$3}'awkfile1.txt
 1959  awk '{print $1,$3}'awkfile1.txt
 1960  awk '{print $1,$3}' awkfile1.txt
 1961  free m
 1962  free m |awk '/mem/'
 1963  awk '/Mem/{print}' free -m
 1964  awk '/Mem/{print}/' free -m
 1965  awk '{print $2}' awkfile1.txt
 1966  ftp://ftp.dlptest.com/
 1967  ftp://ftp.dlptest.com/ft
 1968  ftp ftp://ftp.dlptest.com/
 1969  ftp ftp://dlpuser:rNrKYTX9g7z3RgJRmxWuGHbeu@ftp.dlptest.com/
 1970  ssh
 1971  ftp
 1972  ftp ftp://ftp.dlptest.com/
 1973  ping www.google.com
 1974  ftp ftp.dlptest.com 
 1975  ls -lrt
 1976  chmod a=w day.txt
 1977  chmod u+x day.txt
 1978  chmod u-w grepfilter.txt
 1979  ls -lrt
 1980  chmod a=w awkfile1.txt
 1981  chmod u+x awkfile1.txt
 1982  ls -lrt
 1983  chmod a=w numberfile.txt
 1984  ls -lrt
 1985  whoiami
 1986  whoami
 1987  clear
 1988  whoami
 1989  id
 1990  groups
 1991  passwd
 1992  who
 1993  last
 1994  nslookup google.com
 1995  cp
 1996  ps -ef
 1997  top
 1998  history
 1999  touch file1 file2
 2000  whoami
 2001  id
 2002  groups
 2003  passwd
 2004  who
 2005  last
 2006  nslookup google.com
 2007  cp
 2008  ps -ef
 2009  top
 2010  history
user@jeshu1108:~$ touch file1 file2 (( it creates a new file or update its timestamp ))
user@jeshu1108:~$ 

clear command will clear terminal.

ser@jeshu1108:~$ cp file5 file6  (( copies the content of file5 to file6 and contents of file5 are retained ))
user@jeshu1108:~$ cat> file7
user@jeshu1108:~$ cat> file8
user@jeshu1108:~$ mv file7 file8 (( moves files or rename files ))
user@jeshu1108:~$ rm file7
rm: cannot remove 'file7': No such file or directory
user@jeshu1108:~$ rm file8  (( remove files or directories ))
user@jeshu1108:~$ mkdir dir1  (( make a directory ))
user@jeshu1108:~$ rmdir dir1  (( remove a directory ))
user@jeshu1108:~$ cd dir1   (( changing working directory to dir ))
bash: cd: dir1: No such file or directory
user@jeshu1108:~$ print dir1 ((print the present working directory ))
Error: no such file "dir1"
user@jeshu1108:~$ print dir1 file5
Error: no such file "dir1"
Error: no "print" mailcap rules found for type "text/plain"
user@jeshu1108:~$ Print dir1 file5   ((print the present working directory ))

Command 'Print' not found, did you mean:

  command 'print' from deb mime-support (3.64ubuntu1)

Try: sudo apt install <deb name>

user@jeshu1108:~$ pwd dir1  ((print the present working directory ))
/home/user

user@jeshu1108:~$ ls -alt     ((( list directory contents )))
total 218676
drwxr-xr-x 10 user user     12288 Mar 31 18:12  Pictures
drwxr-xr-x 58 user user     12288 Mar 31 18:12  .
-rw-rw-r--  1 user user        10 Mar 31 18:08  file6
-rw-------  1 user user     30308 Mar 31 18:06  .bash_history
-rw-rw-r--  1 user user         8 Mar 31 16:42  file4
-rw-rw-r--  1 user user        10 Mar 31 16:12  file5
-rw-rw-r--  1 user user     62155 Mar 31 14:24  week1_2
-rw-rw-r--  1 user user         0 Mar 31 14:22  file1
-rw-rw-r--  1 user user         0 Mar 31 14:22  file2
drwx------ 28 user user      4096 Mar 31 14:14  .config
drwx------  3 user user      4096 Mar 30 12:32  .pki
drwx------  3 user user      4096 Mar 30 12:30  .gnupg
-rw-rw-r--  1 user user      2392 Mar 28 16:37  form_validation.html
drwxr-xr-x  9 user user      4096 Mar 27 08:36  Desktop
drwxr-xr-x  3 user user      4096 Mar 26 16:45  Downloads
-rw-rw-r--  1 user user       420 Mar 26 16:09  sujoysarkar@tty.sdf.org
-rw-rw-r--  1 user user     85816 Mar 26 15:57  FileGd.614155ca9d304_6384.pdf
-rw-rw-r--  1 user user        17 Mar 26 15:53  catalogo_invelon.csv
-rw-rw-r--  1 user user         0 Mar 26 15:51  actorstomorrow.txt
drwx------  2 user user      4096 Mar 26 15:43  .ssh
-rw-rw-r--  1 user user        76 Mar 26 14:31  monthfile.txt
-r--rw-r--  1 user user       103 Mar 26 14:13  grepfilter.txt
-rw-rw-r--  1 user user       355 Mar 25 23:54  mouseover.html
drwxrwxr-x  5 user user      4096 Mar 24 07:56  .audacity-data
drwxrwxr-x  4 user user      4096 Mar 21 16:41  .vscode
-rw-rw-r--  1 user user       358 Mar 21 16:17  filechange.html
-rw-rw-r--  1 user user       332 Mar 21 16:04  mouseOver1.html
-rw-rw-r--  1 user user       316 Mar 21 16:02  zoom.html
-rw-rw-r--  1 user user       753 Mar 21 15:27 'week1(1).html'
-rw-rw-r--  1 user user       656 Mar 21 14:21  javascript.html
drwxrwxr-x  2 user user      4096 Mar 19 16:31  pwd
-rw-rw-r--  1 user user        44 Mar 19 15:34  file3
-rw-rw-r--  1 user user        56 Mar 19 15:12  new
-rw-rw-r--  1 user user         0 Mar 19 15:09  example
drwxrwxr-x  2 user user      4096 Mar 19 15:06  newfolder
-rw-rw-r--  1 user user        33 Mar 19 15:01  file
drwxrwxr-x  3 user user     12288 Mar 19 14:42 'java file'
drwxrwxr-x  2 user user      4096 Mar 19 14:42 'dbms folder'
-rwxr-----  1 user user   5154703 Mar 19 14:32 'Engineering Graphics Manual final.pdf'
-rw-rw-r--  1 user user       339 Mar 19 11:51  java.html
-rw-rw-r--  1 user user       634 Mar 19 11:10  rgukt.html
-rw-rw-r--  1 user user        89 Mar 19 10:45  web.htlm
-rw-rw-r--  1 user user      1711 Mar 19 09:11  mywebpage.html
-rw-rw-r--  1 user user       294 Mar 19 08:57 'python links'
drwxrwxr-x  2 user user      4096 Mar 15 12:17  jesh
drwxr-xr-x  5 user user      4096 Mar 15 11:48  Documents
drwxrwxr-x  2 user user      4096 Mar 14 19:51  week6
drwxrwxr-x  2 user user      4096 Mar 14 19:33  week7
drwx------ 34 user user      4096 Mar 14 09:22  .cache
drwxrwxr-x  2 user user      4096 Mar 13 20:25  week1
drwxrwxr-x  2 user user      4096 Mar 12 11:39  web_technology
drwxrwxr-x  2 user user      4096 Mar  5 21:18 'c programs'
drwxrwxr-x  2 user user      4096 Feb 12 16:54  Calculator
drwxrwxr-x  2 user user      4096 Feb 12 16:11  dept
drwxrwxr-x  3 user user      4096 Feb  6 15:42  org
drwxrwxr-x  2 user user      4096 Feb  6 14:33  jeshu
drwxr-xr-x  2 user user      4096 Feb  6 08:47  Music
drwxrwxr-x  2 user user      4096 Feb  4 12:01  week5
drwxrwxr-x  2 user user      4096 Feb  3 18:53  week3
drwxrwxr-x  2 user user      4096 Feb  3 10:52  week2
drwxrwxr-x  4 user user      4096 Feb  1 07:46  JVM
drwxrwxr-x  2 user user      4096 Jan 29 23:49  mypack1
drwxr-xr-x  4 root root      4096 Jan 28 22:40  ..
drwxrwxr-x  2 user user      4096 Jan 28 12:06  week4
drwxrwxr-x  2 user user      4096 Jan 16 13:11 'oops test'
drwxrwxrwx  2 user user      4096 Jan  6 23:44  AARON-2K23
drwxrwxr-x  2 user user      4096 Dec 10 19:06 'reading materials'
drwxrwxr-x  2 user user      4096 Dec 10 19:05  java
drwxrwxr-x  6 user user      4096 Nov 18 22:29 'orientaion p1'
drwxrwxr-x  3 user user     12288 Nov 18 22:27 'dj songs'
drwxrwxr-x  2 user user      4096 Nov 18 16:30  memories
-rw-rw-r--  1 user user     23958 Nov 17 16:39 'mysql lab3'
drwxrwxr-x  2 user user      4096 Nov 16 14:38 'bathukamma songs'
drwxr-xr-x  2 user user      4096 Nov 16 14:08 'SHOBHAKRUTH TREASURE HUNT'
-rwxr-----  1 user user    211374 Nov 13 18:00 'oop lab manual.pdf'
-rw-rw-r--  1 user user       610 Nov 10 16:43  instructions
drwxrwxr-x  4 user user      4096 Nov  4 11:58  .wine
-rw-rw-r--  1 user user      8529 Nov  3 16:01 'mysql lab1'
-rw-rw-r--  1 user user 167684844 Nov  3 13:22  jdk-21_linux-x64_bin.deb
drwxrwxr-x  2 user user      4096 Oct 30 22:20  songs
-rw-rw-r--  1 user user       435 Oct 18 17:14  pat.c
drwxr-xr-x  2 user user      4096 Oct  7 12:49  DSA
-rwxr-----  1 user user    414086 Oct  2 09:06 'English for Engineers_Answer Key.pdf'
-rwxrwxr-x  1 user user      1229 Sep 25  2023  quli.c
-rw-rw-r--  1 user user      1005 Sep 24  2023  stali.c
-rw-rw-r--  1 user user      2240 Sep 24  2023  BFSlist.c
-rw-rw-r--  1 user user      1038 Sep 24  2023  bfs1.c
-rw-rw-r--  1 user user      2476 Sep 13  2023  bst.c
-rw-rw-r--  1 user user      2033 Sep 13  2023  dodel.c
drwxrwxr-x  3 user user      4096 Sep  8  2023 'My Pictures'
-rw-rw-r--  1 user user       249 Sep  3  2023  link
-rw-rw-r--  1 user user    241090 Aug 29  2023 'HOPE HOUSE.pdf'
-rw-rw-r--  1 user user      1264 Aug 25  2023  merge.c
-rw-r--r--  1 user user   6484681 Aug 15  2023  2.jpg
-rw-rw-r--  1 user user        82 Aug 11  2023  quicksort.c
drwxr-xr-x  2 user user      4096 Aug  2  2023  Templates
-rwxr-xr-x  1 user root       445 Aug  2  2023  wps-office-prometheus.desktop
-rwxr-----  1 user user   3198794 Jul 30  2023 'Action plan.pptx'
drwxrwxr-x 10 user user      4096 Jul 29  2023 'Are U Ok'
-rw-rw-r--  1 user user       932 Jul 23  2023  stackarr.c
-rw-rw-r--  1 user user      2890 Jul 23  2023  create.c
-rwxr-----  1 user user  33746790 Jul 13  2023 'E1-ENGLISH-SCANNED BOOK.pdf'
drwxrwxr-x  2 user user      4096 Jul  7  2023  ppslab
-rw-rw-r--  1 user user      2200 Jun 30  2023  expstack.c
-rw-rw-r--  1 user user      1144 Jun 30  2023  InfixToPostfix.c
-rwxr-xr-x  1 user user    287999 Jun 28  2023 'WORD PLAY QUESTIONS.pptx'
-rw-rw-r--  1 user user       588 Jun 26  2023  displaydt.c
-rw-rw-r--  1 user user       300 Jun 24  2023  ha.c
drwxrwxr-x  2 user user      4096 Jun 24  2023 'pps assignment 2'
-rw-rw-r--  1 user user       831 Jun 23  2023  stack.c
drwxrwxr-x  2 user user      4096 May  1  2023 'pps assignment 3'
-rw-rw-r--  1 user user       748 May  1  2023  binsearch.c
-rw-rw-r--  1 user user       420 May  1  2023  linear.c
-rw-rw-r--  1 user user       527 Apr 23  2023  reverse.c
-rw-rw-r--  1 user user       217 Apr 23  2023  series.c
-rw-rw-r--  1 user user       491 Apr 17  2023  cricket.c
drwxrwxr-x  2 user user      4096 Jan  3  2023  .gphoto
drwx------  3 user user      4096 Jan  3  2023  snap
drwx------  6 user user      4096 Dec 31  2022  .thunderbird
-rwxr-----  1 user user   5735051 Jul 12  2022  j.jpg
-rwxr-----  1 user user     46419 Jun 27  2022  1.jpg
drwx------  4 user user      4096 Mar 16  2022  .mozilla
-rw-r--r--  1 user user         0 Mar 16  2022  .sudo_as_admin_successful
drwxr-xr-x  2 user user      4096 Mar 16  2022  Public
drwx------  3 user user      4096 Mar 16  2022  .local
-rw-r--r--  1 user user       220 Mar 16  2022  .bash_logout
-rw-r--r--  1 user user      3771 Mar 16  2022  .bashrc
-rw-r--r--  1 user user       807 Mar 16  2022  .profile
user@jeshu1108:~$ ls -l    ((( list directory contents )))
total 218568
-rwxr-----  1 user user     46419 Jun 27  2022  1.jpg
-rw-r--r--  1 user user   6484681 Aug 15  2023  2.jpg
drwxrwxrwx  2 user user      4096 Jan  6 23:44  AARON-2K23
-rwxr-----  1 user user   3198794 Jul 30  2023 'Action plan.pptx'
-rw-rw-r--  1 user user         0 Mar 26 15:51  actorstomorrow.txt
drwxrwxr-x 10 user user      4096 Jul 29  2023 'Are U Ok'
drwxrwxr-x  2 user user      4096 Nov 16 14:38 'bathukamma songs'
-rw-rw-r--  1 user user      1038 Sep 24  2023  bfs1.c
-rw-rw-r--  1 user user      2240 Sep 24  2023  BFSlist.c
-rw-rw-r--  1 user user       748 May  1  2023  binsearch.c
-rw-rw-r--  1 user user      2476 Sep 13  2023  bst.c
drwxrwxr-x  2 user user      4096 Feb 12 16:54  Calculator
-rw-rw-r--  1 user user        17 Mar 26 15:53  catalogo_invelon.csv
drwxrwxr-x  2 user user      4096 Mar  5 21:18 'c programs'
-rw-rw-r--  1 user user      2890 Jul 23  2023  create.c
-rw-rw-r--  1 user user       491 Apr 17  2023  cricket.c
drwxrwxr-x  2 user user      4096 Mar 19 14:42 'dbms folder'
drwxrwxr-x  2 user user      4096 Feb 12 16:11  dept
drwxr-xr-x  9 user user      4096 Mar 27 08:36  Desktop
-rw-rw-r--  1 user user       588 Jun 26  2023  displaydt.c
drwxrwxr-x  3 user user     12288 Nov 18 22:27 'dj songs'
drwxr-xr-x  5 user user      4096 Mar 15 11:48  Documents
-rw-rw-r--  1 user user      2033 Sep 13  2023  dodel.c
drwxr-xr-x  3 user user      4096 Mar 26 16:45  Downloads
drwxr-xr-x  2 user user      4096 Oct  7 12:49  DSA
-rwxr-----  1 user user  33746790 Jul 13  2023 'E1-ENGLISH-SCANNED BOOK.pdf'
-rwxr-----  1 user user   5154703 Mar 19 14:32 'Engineering Graphics Manual final.pdf'
-rwxr-----  1 user user    414086 Oct  2 09:06 'English for Engineers_Answer Key.pdf'
-rw-rw-r--  1 user user         0 Mar 19 15:09  example
-rw-rw-r--  1 user user      2200 Jun 30  2023  expstack.c
-rw-rw-r--  1 user user        33 Mar 19 15:01  file
-rw-rw-r--  1 user user         0 Mar 31 14:22  file1
-rw-rw-r--  1 user user         0 Mar 31 14:22  file2
-rw-rw-r--  1 user user        44 Mar 19 15:34  file3
-rw-rw-r--  1 user user         8 Mar 31 16:42  file4
-rw-rw-r--  1 user user        10 Mar 31 16:12  file5
-rw-rw-r--  1 user user        10 Mar 31 18:08  file6
-rw-rw-r--  1 user user       358 Mar 21 16:17  filechange.html
-rw-rw-r--  1 user user     85816 Mar 26 15:57  FileGd.614155ca9d304_6384.pdf
-rw-rw-r--  1 user user      2392 Mar 28 16:37  form_validation.html
-r--rw-r--  1 user user       103 Mar 26 14:13  grepfilter.txt
-rw-rw-r--  1 user user       300 Jun 24  2023  ha.c
-rw-rw-r--  1 user user    241090 Aug 29  2023 'HOPE HOUSE.pdf'
-rw-rw-r--  1 user user      1144 Jun 30  2023  InfixToPostfix.c
-rw-rw-r--  1 user user       610 Nov 10 16:43  instructions
drwxrwxr-x  2 user user      4096 Dec 10 19:05  java
drwxrwxr-x  3 user user     12288 Mar 19 14:42 'java file'
-rw-rw-r--  1 user user       339 Mar 19 11:51  java.html
-rw-rw-r--  1 user user       656 Mar 21 14:21  javascript.html
-rw-rw-r--  1 user user 167684844 Nov  3 13:22  jdk-21_linux-x64_bin.deb
drwxrwxr-x  2 user user      4096 Mar 15 12:17  jesh
drwxrwxr-x  2 user user      4096 Feb  6 14:33  jeshu
-rwxr-----  1 user user   5735051 Jul 12  2022  j.jpg
drwxrwxr-x  4 user user      4096 Feb  1 07:46  JVM
-rw-rw-r--  1 user user       420 May  1  2023  linear.c
-rw-rw-r--  1 user user       249 Sep  3  2023  link
drwxrwxr-x  2 user user      4096 Nov 18 16:30  memories
-rw-rw-r--  1 user user      1264 Aug 25  2023  merge.c
-rw-rw-r--  1 user user        76 Mar 26 14:31  monthfile.txt
-rw-rw-r--  1 user user       332 Mar 21 16:04  mouseOver1.html
-rw-rw-r--  1 user user       355 Mar 25 23:54  mouseover.html
drwxr-xr-x  2 user user      4096 Feb  6 08:47  Music
drwxrwxr-x  2 user user      4096 Jan 29 23:49  mypack1
drwxrwxr-x  3 user user      4096 Sep  8  2023 'My Pictures'
-rw-rw-r--  1 user user      8529 Nov  3 16:01 'mysql lab1'
-rw-rw-r--  1 user user     23958 Nov 17 16:39 'mysql lab3'
-rw-rw-r--  1 user user      1711 Mar 19 09:11  mywebpage.html
-rw-rw-r--  1 user user        56 Mar 19 15:12  new
drwxrwxr-x  2 user user      4096 Mar 19 15:06  newfolder
-rwxr-----  1 user user    211374 Nov 13 18:00 'oop lab manual.pdf'
drwxrwxr-x  2 user user      4096 Jan 16 13:11 'oops test'
drwxrwxr-x  3 user user      4096 Feb  6 15:42  org
drwxrwxr-x  6 user user      4096 Nov 18 22:29 'orientaion p1'
-rw-rw-r--  1 user user       435 Oct 18 17:14  pat.c
drwxr-xr-x 10 user user     12288 Mar 31 18:12  Pictures
drwxrwxr-x  2 user user      4096 Jun 24  2023 'pps assignment 2'
drwxrwxr-x  2 user user      4096 May  1  2023 'pps assignment 3'
drwxrwxr-x  2 user user      4096 Jul  7  2023  ppslab
drwxr-xr-x  2 user user      4096 Mar 16  2022  Public
drwxrwxr-x  2 user user      4096 Mar 19 16:31  pwd
-rw-rw-r--  1 user user       294 Mar 19 08:57 'python links'
-rw-rw-r--  1 user user        82 Aug 11  2023  quicksort.c
-rwxrwxr-x  1 user user      1229 Sep 25  2023  quli.c
drwxrwxr-x  2 user user      4096 Dec 10 19:06 'reading materials'
-rw-rw-r--  1 user user       527 Apr 23  2023  reverse.c
-rw-rw-r--  1 user user       634 Mar 19 11:10  rgukt.html
-rw-rw-r--  1 user user       217 Apr 23  2023  series.c
drwxr-xr-x  2 user user      4096 Nov 16 14:08 'SHOBHAKRUTH TREASURE HUNT'
drwx------  3 user user      4096 Jan  3  2023  snap
drwxrwxr-x  2 user user      4096 Oct 30 22:20  songs
-rw-rw-r--  1 user user       932 Jul 23  2023  stackarr.c
-rw-rw-r--  1 user user       831 Jun 23  2023  stack.c
-rw-rw-r--  1 user user      1005 Sep 24  2023  stali.c
-rw-rw-r--  1 user user       420 Mar 26 16:09  sujoysarkar@tty.sdf.org
drwxr-xr-x  2 user user      4096 Aug  2  2023  Templates
-rw-rw-r--  1 user user        89 Mar 19 10:45  web.htlm
drwxrwxr-x  2 user user      4096 Mar 12 11:39  web_technology
drwxrwxr-x  2 user user      4096 Mar 13 20:25  week1
-rw-rw-r--  1 user user       753 Mar 21 15:27 'week1(1).html'
-rw-rw-r--  1 user user     62155 Mar 31 14:24  week1_2
drwxrwxr-x  2 user user      4096 Feb  3 10:52  week2
drwxrwxr-x  2 user user      4096 Feb  3 18:53  week3
drwxrwxr-x  2 user user      4096 Jan 28 12:06  week4
drwxrwxr-x  2 user user      4096 Feb  4 12:01  week5
drwxrwxr-x  2 user user      4096 Mar 14 19:51  week6
drwxrwxr-x  2 user user      4096 Mar 14 19:33  week7
-rwxr-xr-x  1 user user    287999 Jun 28  2023 'WORD PLAY QUESTIONS.pptx'
-rwxr-xr-x  1 user root       445 Aug  2  2023  wps-office-prometheus.desktop
-rw-rw-r--  1 user user       316 Mar 21 16:02  zoom.html
user@jeshu1108:~$ ls -a    ((( list directory contents )))
 .                      Desktop                                 'HOPE HOUSE.pdf'            mywebpage.html               .ssh
 ..                     displaydt.c                              InfixToPostfix.c           new                          stackarr.c
 1.jpg                 'dj songs'                                instructions               newfolder                    stack.c
 2.jpg                  Documents                                java                      'oop lab manual.pdf'          stali.c
 AARON-2K23             dodel.c                                 'java file'                'oops test'                   .sudo_as_admin_successful
'Action plan.pptx'      Downloads                                java.html                  org                          sujoysarkar@tty.sdf.org
 actorstomorrow.txt     DSA                                      javascript.html           'orientaion p1'               Templates
'Are U Ok'             'E1-ENGLISH-SCANNED BOOK.pdf'             jdk-21_linux-x64_bin.deb   pat.c                        .thunderbird
 .audacity-data        'Engineering Graphics Manual final.pdf'   jesh                       Pictures                     .vscode
 .bash_history         'English for Engineers_Answer Key.pdf'    jeshu                      .pki                         web.htlm
 .bash_logout           example                                  j.jpg                     'pps assignment 2'            web_technology
 .bashrc                expstack.c                               JVM                       'pps assignment 3'            week1
'bathukamma songs'      file                                     linear.c                   ppslab                      'week1(1).html'
 bfs1.c                 file1                                    link                       .profile                     week1_2
 BFSlist.c              file2                                    .local                     Public                       week2
 binsearch.c            file3                                    memories                   pwd                          week3
 bst.c                  file4                                    merge.c                   'python links'                week4
 .cache                 file5                                    monthfile.txt              quicksort.c                  week5
 Calculator             file6                                    mouseOver1.html            quli.c                       week6
 catalogo_invelon.csv   filechange.html                          mouseover.html            'reading materials'           week7
 .config                FileGd.614155ca9d304_6384.pdf            .mozilla                   reverse.c                    .wine
'c programs'            form_validation.html                     Music                      rgukt.html                  'WORD PLAY QUESTIONS.pptx'
 create.c               .gnupg                                   mypack1                    series.c                     wps-office-prometheus.desktop
 cricket.c              .gphoto                                 'My Pictures'              'SHOBHAKRUTH TREASURE HUNT'   zoom.html
'dbms folder'           grepfilter.txt                          'mysql lab1'                snap
 dept                   ha.c                                    'mysql lab3'                songs
user@jeshu1108:~$ which -a cat      ((  list all paths where 'cat' can run ))
/usr/bin/cat
/bin/cat
user@jeshu1108:~$ man cat   (( Interface for working with the online reference manuals ))

CAT(1)                                                                    User Commands                                                                    CAT(1)

NAME
       cat - concatenate files and print on the standard output

SYNOPSIS
       cat [OPTION]... [FILE]...

DESCRIPTION
       Concatenate FILE(s) to standard output.

       With no FILE, or when FILE is -, read standard input.

       -A, --show-all
              equivalent to -vET

       -b, --number-nonblank
              number nonempty output lines, overrides -n

       -e     equivalent to -vE

       -E, --show-ends
              display $ at end of each line

       -n, --number
              number all output lines

       -s, --squeeze-blank
              suppress repeated empty output lines

       -t     equivalent to -vT

       -T, --show-tabs
              display TAB characters as ^I

       -u     (ignored)

       -v, --show-nonprinting
              use ^ and M- notation, except for LFD and TAB

       --help display this help and exit

       --version
              output version information and exit
EXAMPLES
       cat f - g
              Output f's contents, then standard input, then g's contents.

       cat    Copy standard input to standard output.

AUTHOR
       Written by Torbjorn Granlund and Richard M. Stallman.

REPORTING BUGS
       GNU coreutils online help: <https://www.gnu.org/software/coreutils/>
       Report cat translation bugs to <https://translationproject.org/team/>

COPYRIGHT
       Copyright  2018 Free Software Foundation, Inc.  License GPLv3+: GNU GPL version 3 or later <https://gnu.org/licenses/gpl.html>.
       This is free software: you are free to change and redistribute it.  There is NO WARRANTY, to the extent permitted by law.

SEE ALSO
       tac(1)

       Full documentation at: <https://www.gnu.org/software/coreutils/cat>
       or available locally via: info '(coreutils) cat invocation'

GNU coreutils 8.30                                                        September 2019                                                                   CAT(1)
 Manual page cat(1) line 26/69 (END) (press h for help or q to quit)

user@jeshu1108:~$ su user1   (( change user_id or become super user ))
su: user user1 does not exist
user@jeshu1108:~$ sudo ls/usr/local/protected   (( Execute a command as some other user or super-user ))
[sudo] password for user: 
sudo: ls/usr/local/protected: command not found
user@jeshu1108:~$ sudo ls/usr/local/protected
sudo: ls/usr/local/protected: command not found

user@jeshu1108:~$ find/usr -type c -name backup  (( used to search for files and directories as mentioned in the 'expression' ))
bash: find/usr: No such file or directory
user@jeshu1108:~$ find/usr -type c -file4 backup
bash: find/usr: No such file or directory
user@jeshu1108:~$ du   ((Estimate disk usage is blocks ))
8	./JVM/packages/week82
8	./JVM/packages/week84
8	./JVM/packages/week85b1/subPack
16	./JVM/packages/week85b1
8	./JVM/packages/week83
16	./JVM/packages/org/shapes
20	./JVM/packages/org
12	./JVM/packages/pack1
8	./JVM/packages/interface2
16	./JVM/packages/calculator
8	./JVM/packages/interface1
20	./JVM/packages/dept
8	./JVM/packages/pack2
216	./JVM/packages
36	./JVM/strings
932	./JVM
96	./week5
16	./jeshu
72	./.pki/nssdb
76	./.pki
349944	./java file/abdul/[Hacksnation.com] 4. Features and Architecture
749444	./java file/abdul/14. Interfaces
1053836	./java file/abdul/[Hacksnation.com] 8. Loops
1488504	./java file/abdul/[Hacksnation.com] 10. Methods
1274856	./java file/abdul/[Hacksnation.com] 5. Operator and Expressions
276716	./java file/abdul/[Hacksnation.com] 3. Setup Java Environment
690352	./java file/abdul/16. Static and Final
719644	./java file/abdul/[Hacksnation.com]  1. Introduction
590612	./java file/abdul/17. Packages
2412	./java file/abdul/New folder
1441928	./java file/abdul/[Hacksnation.com] 12. Inheritance
861608	./java file/abdul/[Hacksnation.com]  2. Data Types - Variables and Literals
344136	./java file/abdul/26. Date and Time API
1185624	./java file/abdul/[Hacksnation.com] 7. Conditional Statements
480676	./java file/abdul/15. Inner classes
1629340	./java file/abdul/[Hacksnation.com] 6. String Class and Printing
3375500	./java file/abdul/19. MutiThreading
180980	./java file/abdul/22. Lambda Expressions
334616	./java file/abdul/24. Java Generics
1858876	./java file/abdul/[Hacksnation.com] 11. Object-Oriented Programming
2133720	./java file/abdul/23. Java IO Streams
2660036	./java file/abdul/25. Collection Framework
1005984	./java file/abdul/[Hacksnation.com] 9. Arrays
590384	./java file/abdul/13. Abstract Classes
1940004	./java file/abdul/18. Exception Handling
27219736	./java file/abdul
27220636	./java file
7220	./Documents/python.py
8708	./Documents/reading m/COA/unit1
74648	./Documents/reading m/COA
7352	./Documents/reading m/MEFA
119516	./Documents/reading m
22984	./Documents/c lang notes
241288	./Documents
1744	./SHOBHAKRUTH TREASURE HUNT
88	./pps assignment 2
4	./.gnupg/private-keys-v1.d
16	./.gnupg
88	./My Pictures/Document1
92	./My Pictures
180	./DSA
8	./jesh
184	./ppslab
48	./week3
16	./week4
65596	./bathukamma songs
16	./org/shapes
20	./org
12	./mypack1
4	./pwd
12	./web_technology
4	./snap/snap-store/959/.config/gtk-2.0
8	./snap/snap-store/959/.config/autostart
4	./snap/snap-store/959/.config/ibus
8	./snap/snap-store/959/.config/fontconfig
4	./snap/snap-store/959/.config/gtk-3.0
4	./snap/snap-store/959/.config/dconf
52	./snap/snap-store/959/.config
200	./snap/snap-store/959/.local/share/glib-2.0/schemas
204	./snap/snap-store/959/.local/share/glib-2.0
4	./snap/snap-store/959/.local/share/icons
212	./snap/snap-store/959/.local/share
216	./snap/snap-store/959/.local
276	./snap/snap-store/959
4	./snap/snap-store/1113/.config/gtk-2.0
8	./snap/snap-store/1113/.config/autostart
4	./snap/snap-store/1113/.config/ibus
8	./snap/snap-store/1113/.config/fontconfig
4	./snap/snap-store/1113/.config/gtk-3.0
4	./snap/snap-store/1113/.config/dconf
52	./snap/snap-store/1113/.config
200	./snap/snap-store/1113/.local/share/glib-2.0/schemas
204	./snap/snap-store/1113/.local/share/glib-2.0
4	./snap/snap-store/1113/.local/share/icons
212	./snap/snap-store/1113/.local/share
216	./snap/snap-store/1113/.local
276	./snap/snap-store/1113
28	./snap/snap-store/common/.cache/gio-modules
4	./snap/snap-store/common/.cache/appstream
240	./snap/snap-store/common/.cache/fontconfig
336	./snap/snap-store/common/.cache/gnome-software/cssresource
4824	./snap/snap-store/common/.cache/gnome-software/appstream
4	./snap/snap-store/common/.cache/gnome-software/fwupd
1364	./snap/snap-store/common/.cache/gnome-software/odrs
1352	./snap/snap-store/common/.cache/gnome-software/icons
7884	./snap/snap-store/common/.cache/gnome-software
76	./snap/snap-store/common/.cache/immodules
8240	./snap/snap-store/common/.cache
8244	./snap/snap-store/common
8800	./snap/snap-store
8804	./snap
848088	./Pictures/personal functions
3044	./Pictures/Wallpapers
4	./Pictures/my files/chatgpt_files
93880	./Pictures/my files
7283428	./Pictures/august 15
461804	./Pictures/NCC 15 Aug
4	./Pictures/Webcam
480052	./Pictures/myfilekrodhi
1302912	./Pictures/ncc 2023
13291568	./Pictures
120	./week6
104	./Templates
4	./.audacity-data/Plug-Ins
4	./.audacity-data/Macros
4	./.audacity-data/AutoSave
60	./.audacity-data
72	./pps assignment 3
4	./.thunderbird/mjj22k91.default-release/crashes/events
12	./.thunderbird/mjj22k91.default-release/crashes
804	./.thunderbird/mjj22k91.default-release/calendar-data
4	./.thunderbird/mjj22k91.default-release/minidumps
4	./.thunderbird/mjj22k91.default-release/storage/permanent/chrome/idb/3870112724rsegmnoittet-es.files
180	./.thunderbird/mjj22k91.default-release/storage/permanent/chrome/idb
188	./.thunderbird/mjj22k91.default-release/storage/permanent/chrome
192	./.thunderbird/mjj22k91.default-release/storage/permanent
4	./.thunderbird/mjj22k91.default-release/storage/temporary
4	./.thunderbird/mjj22k91.default-release/storage/default
332	./.thunderbird/mjj22k91.default-release/storage
4	./.thunderbird/mjj22k91.default-release/security_state
4	./.thunderbird/mjj22k91.default-release/settings
28	./.thunderbird/mjj22k91.default-release/datareporting/archived/2024-03
32	./.thunderbird/mjj22k91.default-release/datareporting/archived
44	./.thunderbird/mjj22k91.default-release/datareporting
15336	./.thunderbird/mjj22k91.default-release
4	./.thunderbird/Pending Pings
8	./.thunderbird/mi4nlz26.default
4	./.thunderbird/Crash Reports/events
16	./.thunderbird/Crash Reports
15376	./.thunderbird
4	./.wine/dosdevices
4	./.wine/drive_c/users/Public/Documents
4	./.wine/drive_c/users/Public/Pictures
4	./.wine/drive_c/users/Public/Music
4	./.wine/drive_c/users/Public/Videos
4	./.wine/drive_c/users/Public/Favorites
4	./.wine/drive_c/users/Public/Desktop
28	./.wine/drive_c/users/Public
4	./.wine/drive_c/users/user/Contacts
4	./.wine/drive_c/users/user/NetHood
4	./.wine/drive_c/users/user/Temp
4	./.wine/drive_c/users/user/Start Menu/Programs/Administrative Tools
4	./.wine/drive_c/users/user/Start Menu/Programs/StartUp
12	./.wine/drive_c/users/user/Start Menu/Programs
16	./.wine/drive_c/users/user/Start Menu
4	./.wine/drive_c/users/user/PrintHood
4	./.wine/drive_c/users/user/Application Data/Microsoft/Windows/Themes
8	./.wine/drive_c/users/user/Application Data/Microsoft/Windows
12	./.wine/drive_c/users/user/Application Data/Microsoft
16	./.wine/drive_c/users/user/Application Data
4	./.wine/drive_c/users/user/Saved Games
4	./.wine/drive_c/users/user/SendTo
4	./.wine/drive_c/users/user/AppData/LocalLow
8	./.wine/drive_c/users/user/AppData
4	./.wine/drive_c/users/user/Searches
4	./.wine/drive_c/users/user/Links
4	./.wine/drive_c/users/user/Recent
4	./.wine/drive_c/users/user/Local Settings/History
4	./.wine/drive_c/users/user/Local Settings/Application Data/Microsoft
8	./.wine/drive_c/users/user/Local Settings/Application Data
4	./.wine/drive_c/users/user/Local Settings/Temporary Internet Files
20	./.wine/drive_c/users/user/Local Settings
4	./.wine/drive_c/users/user/Favorites
4	./.wine/drive_c/users/user/Cookies
108	./.wine/drive_c/users/user
140	./.wine/drive_c/users
396	./.wine/drive_c/Program Files (x86)/Windows NT/Accessories
400	./.wine/drive_c/Program Files (x86)/Windows NT
8	./.wine/drive_c/Program Files (x86)/Windows Media Player
44	./.wine/drive_c/Program Files (x86)/Common Files/System/OLE DB
56	./.wine/drive_c/Program Files (x86)/Common Files/System/ADO
104	./.wine/drive_c/Program Files (x86)/Common Files/System
108	./.wine/drive_c/Program Files (x86)/Common Files
92	./.wine/drive_c/Program Files (x86)/Internet Explorer
612	./.wine/drive_c/Program Files (x86)
44	./.cache/.fr-U1ipjS/javanotes/notes
48	./.cache/.fr-U1ipjS/javanotes
52	./.cache/.fr-U1ipjS
4	./.cache/shotwell/thumbs/thumbs360
4	./.cache/shotwell/thumbs/thumbs128
12	./.cache/shotwell/thumbs
20	./.cache/shotwell
28	./.cache/.fr-AeJVNP/javanotes/notes
32	./.cache/.fr-AeJVNP/javanotes
36	./.cache/.fr-AeJVNP
12	./.cache/update-manager-core
2496	./.cache/fontconfig
24	./.cache/mesa_shader_cache/5a
16	./.cache/mesa_shader_cache/19
20	./.cache/mesa_shader_cache/4b
16	./.cache/mesa_shader_cache/41
20	./.cache/mesa_shader_cache/29
8	./.cache/mesa_shader_cache/8e
28	./.cache/mesa_shader_cache/4c
16	./.cache/mesa_shader_cache/60
32	./.cache/mesa_shader_cache/d6
32	./.cache/mesa_shader_cache/e6
28	./.cache/mesa_shader_cache/ac
24	./.cache/mesa_shader_cache/fd
16	./.cache/mesa_shader_cache/57
32	./.cache/mesa_shader_cache/f4
24	./.cache/mesa_shader_cache/25
20	./.cache/mesa_shader_cache/80
32	./.cache/mesa_shader_cache/10
20	./.cache/mesa_shader_cache/d2
16	./.cache/mesa_shader_cache/34
32	./.cache/mesa_shader_cache/c8
32	./.cache/mesa_shader_cache/e3
40	./.cache/mesa_shader_cache/b5
28	./.cache/mesa_shader_cache/53
24	./.cache/mesa_shader_cache/13
12	./.cache/mesa_shader_cache/05
32	./.cache/mesa_shader_cache/a8
28	./.cache/mesa_shader_cache/49
20	./.cache/mesa_shader_cache/9c
12	./.cache/mesa_shader_cache/48
20	./.cache/mesa_shader_cache/f5
20	./.cache/mesa_shader_cache/40
24	./.cache/mesa_shader_cache/de
20	./.cache/mesa_shader_cache/bb
16	./.cache/mesa_shader_cache/d4
20	./.cache/mesa_shader_cache/45
48	./.cache/mesa_shader_cache/46
20	./.cache/mesa_shader_cache/f1
20	./.cache/mesa_shader_cache/e9
24	./.cache/mesa_shader_cache/e5
28	./.cache/mesa_shader_cache/5e
20	./.cache/mesa_shader_cache/0d
28	./.cache/mesa_shader_cache/67
24	./.cache/mesa_shader_cache/92
28	./.cache/mesa_shader_cache/c7
12	./.cache/mesa_shader_cache/70
8	./.cache/mesa_shader_cache/a4
16	./.cache/mesa_shader_cache/ec
20	./.cache/mesa_shader_cache/a9
20	./.cache/mesa_shader_cache/1a
24	./.cache/mesa_shader_cache/0c
24	./.cache/mesa_shader_cache/b7
24	./.cache/mesa_shader_cache/7d
24	./.cache/mesa_shader_cache/0b
20	./.cache/mesa_shader_cache/28
16	./.cache/mesa_shader_cache/dc
20	./.cache/mesa_shader_cache/85
60	./.cache/mesa_shader_cache/f3
16	./.cache/mesa_shader_cache/cd
24	./.cache/mesa_shader_cache/01
20	./.cache/mesa_shader_cache/23
20	./.cache/mesa_shader_cache/d3
20	./.cache/mesa_shader_cache/30
32	./.cache/mesa_shader_cache/e1
28	./.cache/mesa_shader_cache/62
16	./.cache/mesa_shader_cache/0e
8	./.cache/mesa_shader_cache/76
12	./.cache/mesa_shader_cache/4d
20	./.cache/mesa_shader_cache/2b
24	./.cache/mesa_shader_cache/83
24	./.cache/mesa_shader_cache/74
24	./.cache/mesa_shader_cache/66
24	./.cache/mesa_shader_cache/61
20	./.cache/mesa_shader_cache/55
28	./.cache/mesa_shader_cache/6f
12	./.cache/mesa_shader_cache/fe
20	./.cache/mesa_shader_cache/94
16	./.cache/mesa_shader_cache/21
32	./.cache/mesa_shader_cache/93
16	./.cache/mesa_shader_cache/df
16	./.cache/mesa_shader_cache/cc
12	./.cache/mesa_shader_cache/c5
20	./.cache/mesa_shader_cache/4f
12	./.cache/mesa_shader_cache/38
12	./.cache/mesa_shader_cache/1f
20	./.cache/mesa_shader_cache/7e
24	./.cache/mesa_shader_cache/6d
16	./.cache/mesa_shader_cache/b0
24	./.cache/mesa_shader_cache/84
36	./.cache/mesa_shader_cache/71
28	./.cache/mesa_shader_cache/d7
20	./.cache/mesa_shader_cache/20
20	./.cache/mesa_shader_cache/8f
20	./.cache/mesa_shader_cache/e0
16	./.cache/mesa_shader_cache/b2
28	./.cache/mesa_shader_cache/f8
20	./.cache/mesa_shader_cache/58
20	./.cache/mesa_shader_cache/59
8	./.cache/mesa_shader_cache/81
8	./.cache/mesa_shader_cache/9e
20	./.cache/mesa_shader_cache/cf
24	./.cache/mesa_shader_cache/88
20	./.cache/mesa_shader_cache/44
20	./.cache/mesa_shader_cache/79
24	./.cache/mesa_shader_cache/04
16	./.cache/mesa_shader_cache/11
28	./.cache/mesa_shader_cache/00
20	./.cache/mesa_shader_cache/9f
20	./.cache/mesa_shader_cache/15
20	./.cache/mesa_shader_cache/36
24	./.cache/mesa_shader_cache/a7
20	./.cache/mesa_shader_cache/6a
24	./.cache/mesa_shader_cache/2f
8	./.cache/mesa_shader_cache/ea
24	./.cache/mesa_shader_cache/f6
12	./.cache/mesa_shader_cache/fb
12	./.cache/mesa_shader_cache/75
40	./.cache/mesa_shader_cache/a3
20	./.cache/mesa_shader_cache/3c
8	./.cache/mesa_shader_cache/d1
40	./.cache/mesa_shader_cache/c3
28	./.cache/mesa_shader_cache/a6
24	./.cache/mesa_shader_cache/3d
24	./.cache/mesa_shader_cache/27
20	./.cache/mesa_shader_cache/16
28	./.cache/mesa_shader_cache/bc
40	./.cache/mesa_shader_cache/5b
8	./.cache/mesa_shader_cache/35
12	./.cache/mesa_shader_cache/90
16	./.cache/mesa_shader_cache/b3
20	./.cache/mesa_shader_cache/b1
40	./.cache/mesa_shader_cache/26
24	./.cache/mesa_shader_cache/37
12	./.cache/mesa_shader_cache/3f
12	./.cache/mesa_shader_cache/06
20	./.cache/mesa_shader_cache/91
16	./.cache/mesa_shader_cache/ad
20	./.cache/mesa_shader_cache/e7
28	./.cache/mesa_shader_cache/2e
8	./.cache/mesa_shader_cache/e2
20	./.cache/mesa_shader_cache/d5
16	./.cache/mesa_shader_cache/86
16	./.cache/mesa_shader_cache/dd
16	./.cache/mesa_shader_cache/17
16	./.cache/mesa_shader_cache/af
24	./.cache/mesa_shader_cache/a2
12	./.cache/mesa_shader_cache/6b
20	./.cache/mesa_shader_cache/32
28	./.cache/mesa_shader_cache/c6
32	./.cache/mesa_shader_cache/65
32	./.cache/mesa_shader_cache/c0
12	./.cache/mesa_shader_cache/bd
20	./.cache/mesa_shader_cache/9a
16	./.cache/mesa_shader_cache/ca
16	./.cache/mesa_shader_cache/b9
12	./.cache/mesa_shader_cache/aa
16	./.cache/mesa_shader_cache/9b
12	./.cache/mesa_shader_cache/77
16	./.cache/mesa_shader_cache/ae
12	./.cache/mesa_shader_cache/ed
8	./.cache/mesa_shader_cache/52
20	./.cache/mesa_shader_cache/78
12	./.cache/mesa_shader_cache/1d
8	./.cache/mesa_shader_cache/43
16	./.cache/mesa_shader_cache/5d
20	./.cache/mesa_shader_cache/2a
24	./.cache/mesa_shader_cache/f9
44	./.cache/mesa_shader_cache/6e
24	./.cache/mesa_shader_cache/f0
24	./.cache/mesa_shader_cache/da
68	./.cache/mesa_shader_cache/07
32	./.cache/mesa_shader_cache/33
24	./.cache/mesa_shader_cache/8d
12	./.cache/mesa_shader_cache/ee
8	./.cache/mesa_shader_cache/7f
20	./.cache/mesa_shader_cache/50
8	./.cache/mesa_shader_cache/12
24	./.cache/mesa_shader_cache/c2
8	./.cache/mesa_shader_cache/47
16	./.cache/mesa_shader_cache/98
20	./.cache/mesa_shader_cache/63
12	./.cache/mesa_shader_cache/09
20	./.cache/mesa_shader_cache/08
8	./.cache/mesa_shader_cache/f7
28	./.cache/mesa_shader_cache/54
24	./.cache/mesa_shader_cache/03
44	./.cache/mesa_shader_cache/8a
12	./.cache/mesa_shader_cache/39
32	./.cache/mesa_shader_cache/1e
20	./.cache/mesa_shader_cache/a0
8	./.cache/mesa_shader_cache/ce
20	./.cache/mesa_shader_cache/4e
20	./.cache/mesa_shader_cache/e4
20	./.cache/mesa_shader_cache/89
40	./.cache/mesa_shader_cache/95
28	./.cache/mesa_shader_cache/db
24	./.cache/mesa_shader_cache/b4
20	./.cache/mesa_shader_cache/8b
44	./.cache/mesa_shader_cache/d0
24	./.cache/mesa_shader_cache/cb
24	./.cache/mesa_shader_cache/97
16	./.cache/mesa_shader_cache/ef
32	./.cache/mesa_shader_cache/4a
24	./.cache/mesa_shader_cache/7c
16	./.cache/mesa_shader_cache/ab
20	./.cache/mesa_shader_cache/42
36	./.cache/mesa_shader_cache/eb
8	./.cache/mesa_shader_cache/0f
24	./.cache/mesa_shader_cache/7a
16	./.cache/mesa_shader_cache/64
28	./.cache/mesa_shader_cache/72
20	./.cache/mesa_shader_cache/be
32	./.cache/mesa_shader_cache/bf
36	./.cache/mesa_shader_cache/c1
48	./.cache/mesa_shader_cache/d9
36	./.cache/mesa_shader_cache/99
12	./.cache/mesa_shader_cache/02
20	./.cache/mesa_shader_cache/5f
24	./.cache/mesa_shader_cache/14
16	./.cache/mesa_shader_cache/51
12	./.cache/mesa_shader_cache/3e
28	./.cache/mesa_shader_cache/f2
16	./.cache/mesa_shader_cache/b6
20	./.cache/mesa_shader_cache/22
24	./.cache/mesa_shader_cache/18
24	./.cache/mesa_shader_cache/ff
20	./.cache/mesa_shader_cache/fc
16	./.cache/mesa_shader_cache/3a
16	./.cache/mesa_shader_cache/7b
32	./.cache/mesa_shader_cache/87
28	./.cache/mesa_shader_cache/8c
16	./.cache/mesa_shader_cache/c4
12	./.cache/mesa_shader_cache/5c
24	./.cache/mesa_shader_cache/3b
20	./.cache/mesa_shader_cache/a1
32	./.cache/mesa_shader_cache/1b
16	./.cache/mesa_shader_cache/a5
20	./.cache/mesa_shader_cache/69
24	./.cache/mesa_shader_cache/d8
24	./.cache/mesa_shader_cache/24
24	./.cache/mesa_shader_cache/96
36	./.cache/mesa_shader_cache/2c
24	./.cache/mesa_shader_cache/e8
8	./.cache/mesa_shader_cache/b8
20	./.cache/mesa_shader_cache/2d
16	./.cache/mesa_shader_cache/68
28	./.cache/mesa_shader_cache/9d
24	./.cache/mesa_shader_cache/31
36	./.cache/mesa_shader_cache/73
28	./.cache/mesa_shader_cache/0a
12	./.cache/mesa_shader_cache/ba
28	./.cache/mesa_shader_cache/82
20	./.cache/mesa_shader_cache/1c
24	./.cache/mesa_shader_cache/fa
6632	./.cache/mesa_shader_cache
4	./.cache/media-art
4	./.cache/evolution/tasks/trash
8	./.cache/evolution/tasks
4	./.cache/evolution/mail/trash
8	./.cache/evolution/mail
4	./.cache/evolution/sources/trash
8	./.cache/evolution/sources
4	./.cache/evolution/calendar/trash
8	./.cache/evolution/calendar
4	./.cache/evolution/memos/trash
8	./.cache/evolution/memos
4	./.cache/evolution/addressbook/trash
8	./.cache/evolution/addressbook
52	./.cache/evolution
24	./.cache/rhythmbox/metadata
236	./.cache/rhythmbox/album-art
8	./.cache/rhythmbox/alternate-toolbar
272	./.cache/rhythmbox
12	./.cache/.fr-TM5hCQ/javanotes/notes
16	./.cache/.fr-TM5hCQ/javanotes
20	./.cache/.fr-TM5hCQ
4	./.cache/libgweather
96	./.cache/.fr-0mdsVP/javanotes/notes
100	./.cache/.fr-0mdsVP/javanotes
104	./.cache/.fr-0mdsVP
772	./.cache/gstreamer-1.0
4	./.cache/yelp/WebKitCache/Version 16/Blobs
12	./.cache/yelp/WebKitCache/Version 16
16	./.cache/yelp/WebKitCache
8	./.cache/yelp/CacheStorage
28	./.cache/yelp
2252	./.cache/rygel
18288	./.cache/tracker
1736140	./.cache
264	./c programs
4	./newfolder
48	./java
4	./.gphoto
32368	./dj songs/famous
338324	./dj songs
98888	./songs
4	./.local/share/ibus-table
4	./.local/share/Kingsoft/daemon/1000_0.0_wpspdf
4	./.local/share/Kingsoft/daemon/WPSCloudSvr-wps
4	./.local/share/Kingsoft/daemon/1000_0.0_wps
4	./.local/share/Kingsoft/daemon/wpsoffice_starup_object
4	./.local/share/Kingsoft/daemon/1000_0.0_wpp
24	./.local/share/Kingsoft/daemon
4	./.local/share/Kingsoft/office6/OfficeSpace/dump
4	./.local/share/Kingsoft/office6/OfficeSpace/log
12	./.local/share/Kingsoft/office6/OfficeSpace
4	./.local/share/Kingsoft/office6/templates/wpp/en_US
8	./.local/share/Kingsoft/office6/templates/wpp
16	./.local/share/Kingsoft/office6/templates/wps/en_US
20	./.local/share/Kingsoft/office6/templates/wps
32	./.local/share/Kingsoft/office6/templates
12	./.local/share/Kingsoft/office6/kfpccomb
4	./.local/share/Kingsoft/office6/data\newdocs
228	./.local/share/Kingsoft/office6/synccfg/default/head
232	./.local/share/Kingsoft/office6/synccfg/default
236	./.local/share/Kingsoft/office6/synccfg
12	./.local/share/Kingsoft/office6/configs/recappconfig
16	./.local/share/Kingsoft/office6/configs
4	./.local/share/Kingsoft/office6/dicts
3044	./.local/share/Kingsoft/office6/cache
4	./.local/share/Kingsoft/office6/data/groundconfig
4	./.local/share/Kingsoft/office6/data/en_US
9104	./.local/share/Kingsoft/office6/data/backup
4	./.local/share/Kingsoft/office6/data/homepage
16	./.local/share/Kingsoft/office6/data/customui
4	./.local/share/Kingsoft/office6/data/layoutOrganizer/wpp
4	./.local/share/Kingsoft/office6/data/layoutOrganizer/wps
4	./.local/share/Kingsoft/office6/data/layoutOrganizer/pdf
16	./.local/share/Kingsoft/office6/data/layoutOrganizer
8	./.local/share/Kingsoft/office6/data/newdocs/default
12	./.local/share/Kingsoft/office6/data/newdocs
4	./.local/share/Kingsoft/office6/data/skinitemsv2
9168	./.local/share/Kingsoft/office6/data
12544	./.local/share/Kingsoft/office6
4	./.local/share/Kingsoft/account/officespace/log
8	./.local/share/Kingsoft/account/officespace
32	./.local/share/Kingsoft/account
24	./.mozilla/firefox/dniunrby.default-release/storage/default/https+++www.youtube.com/cache/morgue/102
52	./.mozilla/firefox/dniunrby.default-release/storage/default/https+++www.youtube.com/cache/morgue/138
28	./.mozilla/firefox/dniunrby.default-release/storage/default/https+++www.youtube.com/cache/morgue/128
104	./.mozilla/firefox/dniunrby.default-release/storage/default/https+++www.youtube.com/cache/morgue/180
36	./.mozilla/firefox/dniunrby.default-release/storage/default/https+++www.youtube.com/cache/morgue/117
32	./.mozilla/firefox/dniunrby.default-release/storage/default/https+++www.youtube.com/cache/morgue/86
120	./.mozilla/firefox/dniunrby.default-release/storage/default/https+++www.youtube.com/cache/morgue/17
80	./.mozilla/firefox/dniunrby.default-release/storage/default/https+++www.youtube.com/cache/morgue/159
40	./.mozilla/firefox/dniunrby.default-release/storage/default/https+++www.youtube.com/cache/morgue/205
28	./.mozilla/firefox/dniunrby.default-release/storage/default/https+++www.youtube.com/cache/morgue/199
76	./.mozilla/firefox/dniunrby.default-release/storage/default/https+++www.youtube.com/cache/morgue/8
32	./.mozilla/firefox/dniunrby.default-release/storage/default/https+++www.youtube.com/cache/morgue/32
24	./.mozilla/firefox/dniunrby.default-release/storage/default/https+++www.youtube.com/cache/morgue/178
16	./.mozilla/firefox/dniunrby.default-release/storage/default/https+++www.youtube.com/cache/morgue/160
12	./.mozilla/firefox/dniunrby.default-release/storage/default/https+++www.youtube.com/cache/morgue/65
64	./.mozilla/firefox/dniunrby.default-release/storage/default/https+++www.youtube.com/cache/morgue/226
32	./.mozilla/firefox/dniunrby.default-release/storage/default/https+++www.youtube.com/cache/morgue/239
48	./.mozilla/firefox/dniunrby.default-release/storage/default/https+++www.youtube.com/cache/morgue/216
112	./.mozilla/firefox/dniunrby.default-release/storage/default/https+++www.youtube.com/cache/morgue/200
24	./.mozilla/firefox/dniunrby.default-release/storage/default/https+++www.youtube.com/cache/morgue/77
28	./.mozilla/firefox/dniunrby.default-release/storage/default/https+++www.youtube.com/cache/morgue/116
128	./.mozilla/firefox/dniunrby.default-release/storage/default/https+++www.youtube.com/cache/morgue/6
40	./.mozilla/firefox/dniunrby.default-release/storage/default/https+++www.youtube.com/cache/morgue/52
20	./.mozilla/firefox/dniunrby.default-release/storage/default/https+++www.youtube.com/cache/morgue/140
112	./.mozilla/firefox/dniunrby.default-release/storage/default/https+++www.youtube.com/cache/morgue/78
116	./.mozilla/firefox/dniunrby.default-release/storage/default/https+++www.youtube.com/cache/morgue/43
28	./.mozilla/firefox/dniunrby.default-release/storage/default/https+++www.youtube.com/cache/morgue/33
36	./.mozilla/firefox/dniunrby.default-release/storage/default/https+++www.youtube.com/cache/morgue/219
116	./.mozilla/firefox/dniunrby.default-release/storage/default/https+++www.youtube.com/cache/morgue/233
32	./.mozilla/firefox/dniunrby.default-release/storage/default/https+++www.youtube.com/cache/morgue/50
28	./.mozilla/firefox/dniunrby.default-release/storage/default/https+++www.youtube.com/cache/morgue/12
44	./.mozilla/firefox/dniunrby.default-release/storage/default/https+++www.youtube.com/cache/morgue/127
64	./.mozilla/firefox/dniunrby.default-release/storage/default/https+++www.youtube.com/cache/morgue/131
8	./.mozilla/firefox/dniunrby.default-release/storage/default/https+++www.youtube.com/cache/morgue/47
28	./.mozilla/firefox/dniunrby.default-release/storage/default/https+++www.youtube.com/cache/morgue/194
80	./.mozilla/firefox/dniunrby.default-release/storage/default/https+++www.youtube.com/cache/morgue/124
28	./.mozilla/firefox/dniunrby.default-release/storage/default/https+++www.youtube.com/cache/morgue/193
24	./.mozilla/firefox/dniunrby.default-release/storage/default/https+++www.youtube.com/cache/morgue/98
124	./.mozilla/firefox/dniunrby.default-release/storage/default/https+++www.youtube.com/cache/morgue/63
104	./.mozilla/firefox/dniunrby.default-release/storage/default/https+++www.youtube.com/cache/morgue/54
44	./.mozilla/firefox/dniunrby.default-release/storage/default/https+++www.youtube.com/cache/morgue/101
24	./.mozilla/firefox/dniunrby.default-release/storage/default/https+++www.youtube.com/cache/morgue/188
20	./.mozilla/firefox/dniunrby.default-release/storage/default/https+++www.youtube.com/cache/morgue/141
52	./.mozilla/firefox/dniunrby.default-release/storage/default/https+++www.youtube.com/cache/morgue/39
28	./.mozilla/firefox/dniunrby.default-release/storage/default/https+++www.youtube.com/cache/morgue/232
40	./.mozilla/firefox/dniunrby.default-release/storage/default/https+++www.youtube.com/cache/morgue/89
32	./.mozilla/firefox/dniunrby.default-release/storage/default/https+++www.youtube.com/cache/morgue/168
56	./.mozilla/firefox/dniunrby.default-release/storage/default/https+++www.youtube.com/cache/morgue/95
28	./.mozilla/firefox/dniunrby.default-release/storage/default/https+++www.youtube.com/cache/morgue/187
32	./.mozilla/firefox/dniunrby.default-release/storage/default/https+++www.youtube.com/cache/morgue/214
48	./.mozilla/firefox/dniunrby.default-release/storage/default/https+++www.youtube.com/cache/morgue/126
24	./.mozilla/firefox/dniunrby.default-release/storage/default/https+++www.youtube.com/cache/morgue/181
48	./.mozilla/firefox/dniunrby.default-release/storage/default/https+++www.youtube.com/cache/morgue/154
196	./.mozilla/firefox/dniunrby.default-release/storage/default/https+++www.youtube.com/cache/morgue/115
52	./.mozilla/firefox/dniunrby.default-release/storage/default/https+++www.youtube.com/cache/morgue/156
72	./.mozilla/firefox/dniunrby.default-release/storage/default/https+++www.youtube.com/cache/morgue/153
44	./.mozilla/firefox/dniunrby.default-release/storage/default/https+++www.youtube.com/cache/morgue/97
88	./.mozilla/firefox/dniunrby.default-release/storage/default/https+++www.youtube.com/cache/morgue/195
48	./.mozilla/firefox/dniunrby.default-release/storage/default/https+++www.youtube.com/cache/morgue/42
36	./.mozilla/firefox/dniunrby.default-release/storage/default/https+++www.youtube.com/cache/morgue/150
24	./.mozilla/firefox/dniunrby.default-release/storage/default/https+++www.youtube.com/cache/morgue/197
52	./.mozilla/firefox/dniunrby.default-release/storage/default/https+++www.youtube.com/cache/morgue/64
36	./.mozilla/firefox/dniunrby.default-release/storage/default/https+++www.youtube.com/cache/morgue/72
40	./.mozilla/firefox/dniunrby.default-release/storage/default/https+++www.youtube.com/cache/morgue/134
12	./.mozilla/firefox/dniunrby.default-release/storage/default/https+++www.youtube.com/cache/morgue/99
24	./.mozilla/firefox/dniunrby.default-release/storage/default/https+++www.youtube.com/cache/morgue/151
84	./.mozilla/firefox/dniunrby.default-release/storage/default/https+++www.youtube.com/cache/morgue/109
40	./.mozilla/firefox/dniunrby.default-release/storage/default/https+++www.youtube.com/cache/morgue/146
32	./.mozilla/firefox/dniunrby.default-release/storage/default/https+++www.youtube.com/cache/morgue/14
36	./.mozilla/firefox/dniunrby.default-release/storage/default/https+++www.youtube.com/cache/morgue/4
28	./.mozilla/firefox/dniunrby.default-release/storage/default/https+++www.youtube.com/cache/morgue/51
48	./.mozilla/firefox/dniunrby.default-release/storage/default/https+++www.youtube.com/cache/morgue/209
148	./.mozilla/firefox/dniunrby.default-release/storage/default/https+++www.youtube.com/cache/morgue/221
148	./.mozilla/firefox/dniunrby.default-release/storage/default/https+++www.youtube.com/cache/morgue/179
16	./.mozilla/firefox/dniunrby.default-release/storage/default/https+++www.youtube.com/cache/morgue/22
56	./.mozilla/firefox/dniunrby.default-release/storage/default/https+++www.youtube.com/cache/morgue/163
44	./.mozilla/firefox/dniunrby.default-release/storage/default/https+++www.youtube.com/cache/morgue/147
24	./.mozilla/firefox/dniunrby.default-release/storage/default/https+++www.youtube.com/cache/morgue/18
96	./.mozilla/firefox/dniunrby.default-release/storage/default/https+++www.youtube.com/cache/morgue/87
48	./.mozilla/firefox/dniunrby.default-release/storage/default/https+++www.youtube.com/cache/morgue/250
36	./.mozilla/firefox/dniunrby.default-release/storage/default/https+++www.youtube.com/cache/morgue/244
32	./.mozilla/firefox/dniunrby.default-release/storage/default/https+++www.youtube.com/cache/morgue/136
36	./.mozilla/firefox/dniunrby.default-release/storage/default/https+++www.youtube.com/cache/morgue/225
32	./.mozilla/firefox/dniunrby.default-release/storage/default/https+++www.youtube.com/cache/morgue/157
20	./.mozilla/firefox/dniunrby.default-release/storage/default/https+++www.youtube.com/cache/morgue/174
136	./.mozilla/firefox/dniunrby.default-release/storage/default/https+++www.youtube.com/cache/morgue/218
64	./.mozilla/firefox/dniunrby.default-release/storage/default/https+++www.youtube.com/cache/morgue/69
8	./.mozilla/firefox/dniunrby.default-release/storage/default/https+++www.youtube.com/cache/morgue/24
56	./.mozilla/firefox/dniunrby.default-release/storage/default/https+++www.youtube.com/cache/morgue/249
60	./.mozilla/firefox/dniunrby.default-release/storage/default/https+++www.youtube.com/cache/morgue/96
72	./.mozilla/firefox/dniunrby.default-release/storage/default/https+++www.youtube.com/cache/morgue/240



user@jeshu1108:~$ df -l    ((Show the number of free blocks for the mounted file system))
Filesystem     1K-blocks     Used Available Use% Mounted on
udev             3912296        0   3912296   0% /dev
tmpfs             790160     2184    787976   1% /run
/dev/nvme0n1p2 244506940 97035676 134978208  42% /
tmpfs            3950784        0   3950784   0% /dev/shm
tmpfs               5120        4      5116   1% /run/lock
tmpfs            3950784        0   3950784   0% /sys/fs/cgroup
/dev/loop0           128      128         0 100% /snap/bare/5
/dev/loop2         76032    76032         0 100% /snap/core22/1122
/dev/loop1         65536    65536         0 100% /snap/core20/2105
/dev/loop3        358144   358144         0 100% /snap/gnome-3-38-2004/140
/dev/loop6         93952    93952         0 100% /snap/gtk-common-themes/1535
/dev/loop4        358144   358144         0 100% /snap/gnome-3-38-2004/143
/dev/loop7         12672    12672         0 100% /snap/snap-store/959
/dev/loop5         75904    75904         0 100% /snap/core22/1033
/dev/loop8        508928   508928         0 100% /snap/gnome-42-2204/132
/dev/loop9         13312    13312         0 100% /snap/snap-store/1113
/dev/loop12        41472    41472         0 100% /snap/snapd/20671
/dev/loop14        66816    66816         0 100% /snap/gtk-common-themes/1519
/dev/loop11        65536    65536         0 100% /snap/core20/2182
/dev/loop10       508928   508928         0 100% /snap/gnome-42-2204/141
/dev/loop13        40064    40064         0 100% /snap/snapd/21184
/dev/nvme0n1p1    523248     6204    517044   2% /boot/efi
tmpfs             790156       28    790128   1% /run/user/1000

user@jeshu1108:~$ cal     (( it prints calender ))
     March 2024       
Su Mo Tu We Th Fr Sa  
                1  2  
 3  4  5  6  7  8  9  
10 11 12 13 14 15 16  
17 18 19 20 21 22 23  
24 25 26 27 28 29 30  
31                    
user@jeshu1108:~$ cal 4 2024   (( it prints calender , we can obtain any previous year calender also ))
     April 2024       
Su Mo Tu We Th Fr Sa  
    1  2  3  4  5  6  
 7  8  9 10 11 12 13  
14 15 16 17 18 19 20  
21 22 23 24 25 26 27  
28 29 30              
                      
user@jeshu1108:~$ date+ %d/%m/%y (( it prints the System date ))

Command 'date+' not found, did you mean:

  command 'date' from deb coreutils (8.30-3ubuntu2)

user@jeshu1108:~$ who  (( Displays the list of users currently logged in ))
user     :0           2024-03-31 18:05 (:0)
user@jeshu1108:~$ whoami   (( Displays the user id of the currently logged-in-user ))
user







